Component: Arm Compiler for Embedded 6.18 Tool: armlink [5e4cc100]

==============================================================================

Section Cross References

    startup_stm32l432xx.o(RESET) refers to startup_stm32l432xx.o(STACK) for __initial_sp
    startup_stm32l432xx.o(RESET) refers to startup_stm32l432xx.o(.text) for Reset_Handler
    startup_stm32l432xx.o(RESET) refers to lto-llvm-c19bd5.o(.text.NMI_Handler) for NMI_Handler
    startup_stm32l432xx.o(RESET) refers to lto-llvm-c19bd5.o(.text.HardFault_Handler) for HardFault_Handler
    startup_stm32l432xx.o(RESET) refers to lto-llvm-c19bd5.o(.text.MemManage_Handler) for MemManage_Handler
    startup_stm32l432xx.o(RESET) refers to lto-llvm-c19bd5.o(.text.BusFault_Handler) for BusFault_Handler
    startup_stm32l432xx.o(RESET) refers to lto-llvm-c19bd5.o(.text.UsageFault_Handler) for UsageFault_Handler
    startup_stm32l432xx.o(RESET) refers to lto-llvm-c19bd5.o(.text.SVC_Handler) for SVC_Handler
    startup_stm32l432xx.o(RESET) refers to lto-llvm-c19bd5.o(.text.DebugMon_Handler) for DebugMon_Handler
    startup_stm32l432xx.o(RESET) refers to lto-llvm-c19bd5.o(.text.PendSV_Handler) for PendSV_Handler
    startup_stm32l432xx.o(RESET) refers to lto-llvm-c19bd5.o(.text.SysTick_Handler) for SysTick_Handler
    startup_stm32l432xx.o(RESET) refers to lto-llvm-c19bd5.o(.text.TIM2_IRQHandler) for TIM2_IRQHandler
    startup_stm32l432xx.o(.text) refers to lto-llvm-c19bd5.o(.text.SystemInit) for SystemInit
    startup_stm32l432xx.o(.text) refers to entry.o(.ARM.Collect$$$$00000000) for __main
    ai_platform.o(i.ai_buffer_array_get_byte_size) refers to ai_platform.o(i.ai_buffer_array_sane) for ai_buffer_array_sane
    ai_platform.o(i.ai_buffer_array_get_byte_size) refers to ai_platform.o(i.ai_buffer_get_size) for ai_buffer_get_size
    ai_platform.o(i.ai_buffer_array_get_byte_size) refers to ai_platform.o(i.ai_buffer_get_byte_size) for ai_buffer_get_byte_size
    ai_platform.o(i.ai_buffer_array_is_empty) refers to ai_platform.o(i.ai_buffer_array_sane) for ai_buffer_array_sane
    ai_platform.o(i.ai_buffer_array_is_valid) refers to ai_platform.o(i.ai_buffer_array_is_empty) for ai_buffer_array_is_empty
    ai_platform.o(i.ai_buffer_array_is_valid) refers to ai_platform.o(i.ai_buffer_array_sane) for ai_buffer_array_sane
    ai_platform.o(i.ai_buffer_array_is_valid) refers to ai_platform.o(i.ai_buffer_get_size) for ai_buffer_get_size
    ai_platform.o(i.ai_buffer_array_item_set_address) refers to ai_platform.o(i.ai_buffer_array_sane) for ai_buffer_array_sane
    ai_platform_interface.o(i.CRC_Lock) refers to ai_platform_interface.o(i._ai_platform_acquire_crc) for _ai_platform_acquire_crc
    ai_platform_interface.o(i.CRC_Lock) refers to ai_platform_interface.o(i._ai_platform_release_crc) for _ai_platform_release_crc
    ai_platform_interface.o(i._ai_platform_get_io_buffers_info) refers to memseta.o(.text) for __aeabi_memclr4
    ai_platform_interface.o(i._ai_platform_get_io_buffers_info) refers to ai_datatypes_format.o(i.ai_array_to_buffer_fmt) for ai_array_to_buffer_fmt
    ai_platform_interface.o(i._ai_platform_get_io_buffers_info) refers to memcpya.o(.text) for __aeabi_memcpy4
    ai_platform_interface.o(i._ai_platform_get_io_buffers_info) refers to ai_platform_interface.o(.constdata) for .constdata
    ai_platform_interface.o(i._platform_ai_buffer_array_copy) refers to memcpya.o(.text) for __aeabi_memcpy4
    ai_platform_interface.o(i._platform_get_table_map_from_buffer_array) refers to ai_platform.o(i.ai_buffer_array_sane) for ai_buffer_array_sane
    ai_platform_interface.o(i._platform_network_io_bind) refers to ai_platform.o(i.ai_buffer_get_size) for ai_buffer_get_size
    ai_platform_interface.o(i._platform_network_io_bind) refers to ai_datatypes_format.o(i.ai_array_get_data_byte_size) for ai_array_get_data_byte_size
    ai_platform_interface.o(i._platform_network_io_bind) refers to ai_datatypes_internal.o(i.get_tensor_byte_size) for get_tensor_byte_size
    ai_platform_interface.o(i._platform_network_io_bind) refers to ai_datatypes_format.o(i.ai_array_to_buffer_fmt) for ai_array_to_buffer_fmt
    ai_platform_interface.o(i._platform_network_io_bind) refers to ai_platform_interface.o(i._platform_network_state_setup) for _platform_network_state_setup
    ai_platform_interface.o(i._platform_network_io_bind) refers to ai_platform_interface.o(i.ai_platform_network_set_error) for ai_platform_network_set_error
    ai_platform_interface.o(i._platform_network_state_setup) refers to ai_datatypes_internal.o(i.get_tensor_byte_size) for get_tensor_byte_size
    ai_platform_interface.o(i._platform_network_state_update_input) refers to memcpya.o(.text) for __aeabi_memcpy
    ai_platform_interface.o(i._platform_network_state_update_output) refers to memcpya.o(.text) for __aeabi_memcpy
    ai_platform_interface.o(i.ai_platform_api_get_network_report) refers to ai_platform_interface.o(i.ai_platform_context_acquire) for ai_platform_context_acquire
[...]
    ..\\..\\Drivers\\ST_CMSIS\\NN\\Source\\ConvolutionFunctions\\st_convolve_reference.c 0x00000000   Number         0  st_convolve_reference.o ABSOLUTE
    cdcmple.s                                0x00000000   Number         0  cdcmple.o ABSOLUTE
    cdrcmple.s                               0x00000000   Number         0  cdrcmple.o ABSOLUTE
    dc.s                                     0x00000000   Number         0  dc.o ABSOLUTE
    handlers.s                               0x00000000   Number         0  handlers.o ABSOLUTE
    init.s                                   0x00000000   Number         0  init.o ABSOLUTE
    ld-temp.o                                0x00000000   Number         0  lto-llvm-c19bd5.o ABSOLUTE
    startup_stm32l432xx.s                    0x00000000   Number         0  startup_stm32l432xx.o ABSOLUTE
    RESET                                    0x08000000   Section      396  startup_stm32l432xx.o(RESET)
    .ARM.Collect$$$$00000000                 0x0800018c   Section        0  entry.o(.ARM.Collect$$$$00000000)
    .ARM.Collect$$$$00000001                 0x0800018c   Section        4  entry2.o(.ARM.Collect$$$$00000001)
    .ARM.Collect$$$$00000004                 0x08000190   Section        4  entry5.o(.ARM.Collect$$$$00000004)
    .ARM.Collect$$$$00000008                 0x08000194   Section        0  entry7b.o(.ARM.Collect$$$$00000008)
    .ARM.Collect$$$$0000000A                 0x08000194   Section        0  entry8b.o(.ARM.Collect$$$$0000000A)
    .ARM.Collect$$$$0000000B                 0x08000194   Section        8  entry9a.o(.ARM.Collect$$$$0000000B)
    __lit__00000000                          0x0800019c   Data           4  entry2.o(.ARM.Collect$$$$00002712)
    .ARM.Collect$$$$0000000D                 0x0800019c   Section        0  entry10a.o(.ARM.Collect$$$$0000000D)
    .ARM.Collect$$$$0000000F                 0x0800019c   Section        0  entry11a.o(.ARM.Collect$$$$0000000F)
    .ARM.Collect$$$$00002712                 0x0800019c   Section        4  entry2.o(.ARM.Collect$$$$00002712)
    $v0                                      0x080001a0   Number         0  startup_stm32l432xx.o(.text)
    .text                                    0x080001a0   Section       36  startup_stm32l432xx.o(.text)
    .text                                    0x080001c4   Section        0  memcpya.o(.text)
    .text                                    0x080001e8   Section        0  memseta.o(.text)
    .text                                    0x0800020c   Section        0  memcmp.o(.text)
    .text                                    0x08000226   Section        0  calloc.o(.text)
    .text                                    0x08000244   Section        0  __0scanf.o(.text)
    .text                                    0x08000264   Section        0  _scanf_int.o(.text)
    _fp_value                                0x080003b9   Thumb Code   296  scanf_fp.o(.text)
    .text                                    0x080003b8   Section        0  scanf_fp.o(.text)
    .text                                    0x0800071e   Section        0  uidiv.o(.text)
    .text                                    0x0800074a   Section        0  uldiv.o(.text)
    .text                                    0x080007b2   Section        0  llshl.o(.text)
    .text                                    0x080007d0   Section        0  _chval.o(.text)
    .text                                    0x080007ec   Section        0  scanf_char_file.o(.text)
    .text                                    0x08000800   Section        0  iusefp.o(.text)
    .text                                    0x08000800   Section        0  dadd.o(.text)
    .text                                    0x0800095e   Section        0  dmul.o(.text)
    .text                                    0x08000a48   Section        0  ddiv.o(.text)
    .text                                    0x08000b26   Section        0  dfltul.o(.text)
    .text                                    0x08000b3e   Section        0  dfixul.o(.text)
    .text                                    0x08000b70   Section       48  cdrcmple.o(.text)
    .text                                    0x08000ba0   Section        0  d2f.o(.text)
    .text                                    0x08000bd8   Section       36  init.o(.text)
    .text                                    0x08000bfc   Section        0  fgetc_b.o(.text)
    .text                                    0x08000c28   Section        0  llushr.o(.text)
    .text                                    0x08000c48   Section        0  llsshr.o(.text)
    _scanf_char_input                        0x08000c6d   Thumb Code    12  scanf_char.o(.text)
    .text                                    0x08000c6c   Section        0  scanf_char.o(.text)
    .text                                    0x08000c94   Section        0  fepilogue.o(.text)
    .text                                    0x08000d02   Section        0  depilogue.o(.text)
    .text                                    0x08000dbc   Section        0  semi.o(.text)
    .text                                    0x08000dbc   Section        0  isspace_c.o(.text)
    .text                                    0x08000dc8   Section        0  _scanf.o(.text)
    .text                                    0x080010fa   Section        0  iusesemig.o(.text)
    .text                                    0x080010fc   Section        0  ctype_c.o(.text)
    .text                                    0x08001124   Section        0  dfltui.o(.text)
    .text                                    0x0800113e   Section        0  __dclz77c.o(.text)
    [Anonymous Symbol]                       0x0800119c   Section        0  lto-llvm-c19bd5.o(.text.BusFault_Handler)
    [Anonymous Symbol]                       0x080011a0   Section        0  lto-llvm-c19bd5.o(.text.DebugMon_Handler)
    HAL_GPIO_Init                            0x080011a5   Thumb Code   490  lto-llvm-c19bd5.o(.text.HAL_GPIO_Init)
    [Anonymous Symbol]                       0x080011a4   Section        0  lto-llvm-c19bd5.o(.text.HAL_GPIO_Init)
    [Anonymous Symbol]                       0x08001394   Section        0  lto-llvm-c19bd5.o(.text.HardFault_Handler)
    [Anonymous Symbol]                       0x08001398   Section        0  lto-llvm-c19bd5.o(.text.MemManage_Handler)
    [Anonymous Symbol]                       0x0800139c   Section        0  lto-llvm-c19bd5.o(.text.NMI_Handler)
    [Anonymous Symbol]                       0x080013a0   Section        0  lto-llvm-c19bd5.o(.text.PendSV_Handler)
    [Anonymous Symbol]                       0x080013a4   Section        0  lto-llvm-c19bd5.o(.text.SVC_Handler)
    [Anonymous Symbol]                       0x080013a8   Section        0  lto-llvm-c19bd5.o(.text.SysTick_Handler)
    [Anonymous Symbol]                       0x080013b8   Section        0  lto-llvm-c19bd5.o(.text.SystemInit)
    [Anonymous Symbol]                       0x0800140c   Section        0  lto-llvm-c19bd5.o(.text.TIM2_IRQHandler)
    [Anonymous Symbol]                       0x08001410   Section        0  lto-llvm-c19bd5.o(.text.UsageFault_Handler)
    arm_radix8_butterfly_f32                 0x08001415   Thumb Code  1394  lto-llvm-c19bd5.o(.text.arm_radix8_butterfly_f32)
    [Anonymous Symbol]                       0x08001414   Section        0  lto-llvm-c19bd5.o(.text.arm_radix8_butterfly_f32)
    __arm_cp.15_1                            0x08001438   Number         4  lto-llvm-c19bd5.o(.text.arm_radix8_butterfly_f32)
    [Anonymous Symbol]                       0x08001998   Section        0  lto-llvm-c19bd5.o(.text.fgetc)
    [Anonymous Symbol]                       0x08001ae4   Section        0  lto-llvm-c19bd5.o(.text.fputc)
    [Anonymous Symbol]                       0x08001c50   Section        0  lto-llvm-c19bd5.o(.text.main)
    __arm_cp.0_27                            0x08002c44   Number         4  lto-llvm-c19bd5.o(.text.main)
    __arm_cp.0_28                            0x08002c48   Number         4  lto-llvm-c19bd5.o(.text.main)
    __arm_cp.0_29                            0x08002c4c   Number         4  lto-llvm-c19bd5.o(.text.main)
    __arm_cp.0_30                            0x08002c50   Number         4  lto-llvm-c19bd5.o(.text.main)
    __arm_cp.0_31                            0x08002c54   Number         4  lto-llvm-c19bd5.o(.text.main)
    __arm_cp.0_32                            0x08002c58   Number         4  lto-llvm-c19bd5.o(.text.main)
    __arm_cp.0_33                            0x08002c5c   Number         4  lto-llvm-c19bd5.o(.text.main)
    __arm_cp.0_35                            0x08002c64   Number         4  lto-llvm-c19bd5.o(.text.main)
    __arm_cp.0_36                            0x08002c68   Number         4  lto-llvm-c19bd5.o(.text.main)
    __arm_cp.0_37                            0x08002c6c   Number         4  lto-llvm-c19bd5.o(.text.main)
    __arm_cp.0_38                            0x08002c70   Number         4  lto-llvm-c19bd5.o(.text.main)
    __arm_cp.0_39                            0x08002c74   Number         4  lto-llvm-c19bd5.o(.text.main)
    __arm_cp.0_41                            0x08002c80   Number         4  lto-llvm-c19bd5.o(.text.main)
    __arm_cp.0_42                            0x080035d0   Number         4  lto-llvm-c19bd5.o(.text.main)
    CRC_Lock                                 0x08004331   Thumb Code    84  ai_platform_interface.o(i.CRC_Lock)
    i.CRC_Lock                               0x08004330   Section        0  ai_platform_interface.o(i.CRC_Lock)
    i.__0printf                              0x0800439c   Section        0  printfa.o(i.__0printf)
    i.__ARM_fpclassifyf                      0x080043bc   Section        0  fpclassifyf.o(i.__ARM_fpclassifyf)
    __ai_math_dot_array                      0x080043e5   Thumb Code   244  layers_conv2d_generic_float.o(i.__ai_math_dot_array)
    i.__ai_math_dot_array                    0x080043e4   Section        0  layers_conv2d_generic_float.o(i.__ai_math_dot_array)
    i.__free$realloc                         0x080044dc   Section        0  mallocr.o(i.__free$realloc)
    i.__hardfp_expf                          0x08004538   Section        0  expf.o(i.__hardfp_expf)
    i.__hardfp_frexpf                        0x08004724   Section        0  frexpf.o(i.__hardfp_frexpf)
    i.__hardfp_sqrtf                         0x08004778   Section        0  sqrtf.o(i.__hardfp_sqrtf)
    i.__malloc$realloc                       0x080047b4   Section        0  mallocr.o(i.__malloc$realloc)
    i.__mathlib_flt_infnan                   0x08004804   Section        0  funder.o(i.__mathlib_flt_infnan)
    i.__mathlib_flt_overflow                 0x0800480c   Section        0  funder.o(i.__mathlib_flt_overflow)
    i.__mathlib_flt_underflow                0x0800481c   Section        0  funder.o(i.__mathlib_flt_underflow)
    i.__scatterload_copy                     0x0800482c   Section       14  handlers.o(i.__scatterload_copy)
    i.__scatterload_null                     0x0800483a   Section        2  handlers.o(i.__scatterload_null)
    i.__scatterload_zeroinit                 0x0800483c   Section       14  handlers.o(i.__scatterload_zeroinit)
    i.__set_errno                            0x0800484c   Section        0  errno.o(i.__set_errno)
    _ai_dict4_dot_array_f32                  0x08004859   Thumb Code   294  layers_conv2d_generic_float.o(i._ai_dict4_dot_array_f32)
    i._ai_dict4_dot_array_f32                0x08004858   Section        0  layers_conv2d_generic_float.o(i._ai_dict4_dot_array_f32)
    _ai_dict8_dot_array_f32                  0x08004985   Thumb Code   228  layers_conv2d_generic_float.o(i._ai_dict8_dot_array_f32)
    i._ai_dict8_dot_array_f32                0x08004984   Section        0  layers_conv2d_generic_float.o(i._ai_dict8_dot_array_f32)
    _ai_forward_layer                        0x08004a6d   Thumb Code    18  layers.o(i._ai_forward_layer)
    i._ai_forward_layer                      0x08004a6c   Section        0  layers.o(i._ai_forward_layer)
    i._ai_platform_acquire_crc               0x08004a7e   Section        0  ai_platform_interface.o(i._ai_platform_acquire_crc)
    _ai_platform_get_io_buffers_info         0x08004a85   Thumb Code   202  ai_platform_interface.o(i._ai_platform_get_io_buffers_info)
    i._ai_platform_get_io_buffers_info       0x08004a84   Section        0  ai_platform_interface.o(i._ai_platform_get_io_buffers_info)
    i._ai_platform_release_crc               0x08004b5a   Section        0  ai_platform_interface.o(i._ai_platform_release_crc)
    _fp_digits                               0x08004b5d   Thumb Code   366  printfa.o(i._fp_digits)
    i._fp_digits                             0x08004b5c   Section        0  printfa.o(i._fp_digits)
    i._is_digit                              0x08004ce6   Section        0  scanf_fp.o(i._is_digit)
    _platform_ai_buffer_array_copy           0x08004cf5   Thumb Code    76  ai_platform_interface.o(i._platform_ai_buffer_array_copy)
    i._platform_ai_buffer_array_copy         0x08004cf4   Section        0  ai_platform_interface.o(i._platform_ai_buffer_array_copy)
    _platform_get_table_map_from_buffer      0x08004d41   Thumb Code    74  ai_platform_interface.o(i._platform_get_table_map_from_buffer)
    i._platform_get_table_map_from_buffer    0x08004d40   Section        0  ai_platform_interface.o(i._platform_get_table_map_from_buffer)
    _platform_get_table_map_from_buffer_array 0x08004d91   Thumb Code    68  ai_platform_interface.o(i._platform_get_table_map_from_buffer_array)
    i._platform_get_table_map_from_buffer_array 0x08004d90   Section        0  ai_platform_interface.o(i._platform_get_table_map_from_buffer_array)
    _platform_network_buffers_signature_valid 0x08004dd5   Thumb Code    14  ai_platform_interface.o(i._platform_network_buffers_signature_valid)
    i._platform_network_buffers_signature_valid 0x08004dd4   Section        0  ai_platform_interface.o(i._platform_network_buffers_signature_valid)
    _platform_network_io_bind                0x08004de9   Thumb Code   528  ai_platform_interface.o(i._platform_network_io_bind)
    i._platform_network_io_bind              0x08004de8   Section        0  ai_platform_interface.o(i._platform_network_io_bind)
    _platform_network_state_setup            0x08004fff   Thumb Code    62  ai_platform_interface.o(i._platform_network_state_setup)
    i._platform_network_state_setup          0x08004ffe   Section        0  ai_platform_interface.o(i._platform_network_state_setup)
    _platform_network_state_update_input     0x0800503d   Thumb Code   104  ai_platform_interface.o(i._platform_network_state_update_input)
    i._platform_network_state_update_input   0x0800503c   Section        0  ai_platform_interface.o(i._platform_network_state_update_input)
    _platform_network_state_update_output    0x080050a5   Thumb Code   128  ai_platform_interface.o(i._platform_network_state_update_output)
    i._platform_network_state_update_output  0x080050a4   Section        0  ai_platform_interface.o(i._platform_network_state_update_output)
    _printf_core                             0x08005125   Thumb Code  1744  printfa.o(i._printf_core)
    i._printf_core                           0x08005124   Section        0  printfa.o(i._printf_core)
    _printf_post_padding                     0x08005807   Thumb Code    36  printfa.o(i._printf_post_padding)
    i._printf_post_padding                   0x08005806   Section        0  printfa.o(i._printf_post_padding)
    _printf_pre_padding                      0x0800582b   Thumb Code    46  printfa.o(i._printf_pre_padding)
    i._printf_pre_padding                    0x0800582a   Section        0  printfa.o(i._printf_pre_padding)
    i.ai_array_get_byte_size                 0x08005858   Section        0  ai_datatypes_format.o(i.ai_array_get_byte_size)
    i.ai_array_get_data_byte_size            0x0800588e   Section        0  ai_datatypes_format.o(i.ai_array_get_data_byte_size)
    i.ai_array_to_buffer_fmt                 0x080058ac   Section        0  ai_datatypes_format.o(i.ai_array_to_buffer_fmt)
    i.ai_buffer_array_item_set_address       0x080059d4   Section        0  ai_platform.o(i.ai_buffer_array_item_set_address)
    i.ai_buffer_array_sane                   0x080059f8   Section        0  ai_platform.o(i.ai_buffer_array_sane)
    i.ai_buffer_get_size                     0x08005a0c   Section        0  ai_platform.o(i.ai_buffer_get_size)
    i.ai_check_custom_types                  0x08005a74   Section        0  layers.o(i.ai_check_custom_types)
    i.ai_layers_forward_all                  0x08005aa0   Section        0  layers.o(i.ai_layers_forward_all)
    i.ai_layers_init_all                     0x08005aee   Section        0  layers.o(i.ai_layers_init_all)
    i.ai_layers_post_init_all                0x08005b0c   Section        0  layers.o(i.ai_layers_post_init_all)
    i.ai_platform_bind_network_params        0x08005b44   Section        0  ai_platform_interface.o(i.ai_platform_bind_network_params)
    i.ai_platform_context_acquire            0x08005b70   Section        0  ai_platform_interface.o(i.ai_platform_context_acquire)
    i.ai_platform_get_activations_map        0x08005b8c   Section        0  ai_platform_interface.o(i.ai_platform_get_activations_map)
    i.ai_platform_get_weights_map            0x08005bb8   Section        0  ai_platform_interface.o(i.ai_platform_get_weights_map)
    i.ai_platform_inputs_get                 0x08005be0   Section        0  ai_platform_interface.o(i.ai_platform_inputs_get)
    i.ai_platform_interface_api_get_version  0x08005c1c   Section        0  ai_platform_interface.o(i.ai_platform_interface_api_get_version)
    i.ai_platform_network_create             0x08005c30   Section        0  ai_platform_interface.o(i.ai_platform_network_create)
    i.ai_platform_network_get_error          0x08005d40   Section        0  ai_platform_interface.o(i.ai_platform_network_get_error)
    i.ai_platform_network_init               0x08005d5c   Section        0  ai_platform_interface.o(i.ai_platform_network_init)
    i.ai_platform_network_post_init          0x08005e6e   Section        0  ai_platform_interface.o(i.ai_platform_network_post_init)
    i.ai_platform_network_process            0x08005eb4   Section        0  ai_platform_interface.o(i.ai_platform_network_process)
    i.ai_platform_network_set_error          0x08005f08   Section        0  ai_platform_interface.o(i.ai_platform_network_set_error)
    i.ai_platform_outputs_get                0x08005f14   Section        0  ai_platform_interface.o(i.ai_platform_outputs_get)
    ai_shape_get_size                        0x08005f59   Thumb Code    26  layers_nl_generic_float.o(i.ai_shape_get_size)
    i.ai_shape_get_size                      0x08005f58   Section        0  layers_nl_generic_float.o(i.ai_shape_get_size)
    i.ai_version_get                         0x08005f72   Section        0  ai_datatypes_internal.o(i.ai_version_get)
    i.core_get_error                         0x08005f7e   Section        0  core_common.o(i.core_get_error)
    i.core_init                              0x08005f8a   Section        0  core_common.o(i.core_init)
    i.core_set_error                         0x08005f8e   Section        0  core_common.o(i.core_set_error)
    i.forward_dense                          0x08005fa8   Section        0  layers_conv2d_generic_float.o(i.forward_dense)
    i.forward_relu                           0x080061b6   Section        0  layers_nl_generic_float.o(i.forward_relu)
    i.forward_sm                             0x08006250   Section        0  layers_nl_generic_float.o(i.forward_sm)
    i.get_tensor_byte_size                   0x080062bc   Section        0  ai_datatypes_internal.o(i.get_tensor_byte_size)
    internal_alloc                           0x080062e5   Thumb Code    76  mallocr.o(i.internal_alloc)
    i.internal_alloc                         0x080062e4   Section        0  mallocr.o(i.internal_alloc)
    i.nl_func_relu_array_f32                 0x08006334   Section        0  layers_nl_generic_float.o(i.nl_func_relu_array_f32)
    i.nl_func_relu_generic_array_f32         0x08006378   Section        0  layers_nl_generic_float.o(i.nl_func_relu_generic_array_f32)
    i.nl_func_relu_thresholded_array_f32     0x0800643c   Section        0  layers_nl_generic_float.o(i.nl_func_relu_thresholded_array_f32)
    i.nl_func_sm_array_f32                   0x08006484   Section        0  layers_nl_generic_float.o(i.nl_func_sm_array_f32)
    i.nl_func_sm_channel_f32                 0x080064d8   Section        0  layers_nl_generic_float.o(i.nl_func_sm_channel_f32)
    .constdata                               0x08006574   Section      108  ai_platform_interface.o(.constdata)
    twotokover4top                           0x080065e0   Data          16  expf.o(.constdata)
    .constdata                               0x080065e0   Section       48  expf.o(.constdata)
    twotokover4bot                           0x080065f0   Data          16  expf.o(.constdata)
    twotokover4all                           0x08006600   Data          16  expf.o(.constdata)
    .constdata                               0x08006610   Section       64  ctype_c.o(.constdata)
    dense_0_chain                            0x08006660   Data           8  lto-llvm-c19bd5.o(.rodata)
    [Anonymous Symbol]                       0x08006660   Section        0  lto-llvm-c19bd5.o(.rodata)
    nl_0_nl_chain                            0x08006668   Data           8  lto-llvm-c19bd5.o(.rodata)
    dense_1_chain                            0x08006670   Data           8  lto-llvm-c19bd5.o(.rodata)
    nl_1_nl_chain                            0x08006678   Data           8  lto-llvm-c19bd5.o(.rodata)
    dense_2_chain                            0x08006680   Data           8  lto-llvm-c19bd5.o(.rodata)
    nl_2_nl_chain                            0x08006688   Data           8  lto-llvm-c19bd5.o(.rodata)
    dense_3_chain                            0x08006690   Data           8  lto-llvm-c19bd5.o(.rodata)
    nl_4_chain                               0x08006698   Data           8  lto-llvm-c19bd5.o(.rodata)
    .L__const.ai_network_data_params_get.map_activations 0x080066a0   Data           8  lto-llvm-c19bd5.o(.rodata)
    .L__const.ai_network_data_params_get.map_weights 0x080066a8   Data           8  lto-llvm-c19bd5.o(.rodata)
    s_network_weights_array_u64              0x080066c0   Data       16624  lto-llvm-c19bd5.o(.rodata)
    MSIRangeTable                            0x0800a7b0   Data          48  lto-llvm-c19bd5.o(.rodata)
    twiddleCoef_64                           0x0800a7e0   Data         512  lto-llvm-c19bd5.o(.rodata)
    armBitRevIndexTable64                    0x0800a9e0   Data         112  lto-llvm-c19bd5.o(.rodata)
    twiddleCoef_rfft_128                     0x0800aa50   Data         512  lto-llvm-c19bd5.o(.rodata)
    .Lswitch.table.UART_SetConfig.2          0x0800ac50   Data          16  lto-llvm-c19bd5.o(.rodata.cst16)
    [Anonymous Symbol]                       0x0800ac50   Section        0  lto-llvm-c19bd5.o(.rodata.cst16)
    AHBPrescTable                            0x0800ac60   Data          16  lto-llvm-c19bd5.o(.rodata.cst16)
    APBPrescTable                            0x0800ac70   Data           8  lto-llvm-c19bd5.o(.rodata.cst8)
    [Anonymous Symbol]                       0x0800ac70   Section        0  lto-llvm-c19bd5.o(.rodata.cst8)
    .data                                    0x20000000   Section        4  stdin.o(.data)
    .data                                    0x20000004   Section        4  stdout.o(.data)
    .data                                    0x20000008   Section        4  mvars.o(.data)
    .data                                    0x2000000c   Section        4  mvars.o(.data)
    _errno                                   0x20000010   Data           4  errno.o(.data)
    .data                                    0x20000010   Section        4  errno.o(.data)
    ungetc_sp                                0x20000014   Data           1  fgetc_b.o(.data)
    .data                                    0x20000014   Section        3  fgetc_b.o(.data)
    ungetc_stack                             0x20000015   Data           2  fgetc_b.o(.data)
    .compoundliteral                         0x20000018   Data          16  lto-llvm-c19bd5.o(.data)
    [Anonymous Symbol]                       0x20000018   Section        0  lto-llvm-c19bd5.o(.data)
    .compoundliteral.5                       0x20000028   Data          28  lto-llvm-c19bd5.o(.data)
    .compoundliteral.6                       0x20000044   Data          16  lto-llvm-c19bd5.o(.data)
    .compoundliteral.7                       0x20000054   Data          28  lto-llvm-c19bd5.o(.data)
    .compoundliteral.8                       0x20000070   Data           4  lto-llvm-c19bd5.o(.data)
    .compoundliteral.12                      0x20000074   Data          12  lto-llvm-c19bd5.o(.data)
    .compoundliteral.13                      0x20000080   Data           4  lto-llvm-c19bd5.o(.data)
    .compoundliteral.17                      0x20000084   Data          12  lto-llvm-c19bd5.o(.data)
    .compoundliteral.18                      0x20000090   Data          24  lto-llvm-c19bd5.o(.data)
    dense_0_layer                            0x200000a8   Data          28  lto-llvm-c19bd5.o(.data)
    g_network                                0x200000c4   Data          76  lto-llvm-c19bd5.o(.data)
    .compoundliteral.20                      0x20000110   Data          16  lto-llvm-c19bd5.o(.data)
    .compoundliteral.21                      0x20000120   Data          16  lto-llvm-c19bd5.o(.data)
    serving_default_x0_output_array          0x20000130   Data          16  lto-llvm-c19bd5.o(.data)
    serving_default_x0_output                0x20000140   Data          28  lto-llvm-c19bd5.o(.data)
    .compoundliteral.23                      0x2000015c   Data          16  lto-llvm-c19bd5.o(.data)
    .compoundliteral.24                      0x2000016c   Data          16  lto-llvm-c19bd5.o(.data)
    nl_4_output_array                        0x2000017c   Data          16  lto-llvm-c19bd5.o(.data)
    nl_4_output                              0x2000018c   Data          28  lto-llvm-c19bd5.o(.data)
    nl_0_nl_layer                            0x200001a8   Data          32  lto-llvm-c19bd5.o(.data)
    dense_1_layer                            0x200001c8   Data          28  lto-llvm-c19bd5.o(.data)
    nl_1_nl_layer                            0x200001e4   Data          32  lto-llvm-c19bd5.o(.data)
    dense_2_layer                            0x20000204   Data          28  lto-llvm-c19bd5.o(.data)
    nl_2_nl_layer                            0x20000220   Data          32  lto-llvm-c19bd5.o(.data)
    dense_3_layer                            0x20000240   Data          28  lto-llvm-c19bd5.o(.data)
    nl_4_layer                               0x2000025c   Data          32  lto-llvm-c19bd5.o(.data)
    .compoundliteral.26                      0x2000027c   Data           4  lto-llvm-c19bd5.o(.data)
    .compoundliteral.27                      0x20000280   Data           4  lto-llvm-c19bd5.o(.data)
    .compoundliteral.30                      0x20000284   Data          48  lto-llvm-c19bd5.o(.data)
    .compoundliteral.31                      0x200002b4   Data          16  lto-llvm-c19bd5.o(.data)
    .compoundliteral.32                      0x200002c4   Data          16  lto-llvm-c19bd5.o(.data)
    dense_3_output_array                     0x200002d4   Data          16  lto-llvm-c19bd5.o(.data)
    dense_3_output                           0x200002e4   Data          28  lto-llvm-c19bd5.o(.data)
    .compoundliteral.34                      0x20000300   Data           4  lto-llvm-c19bd5.o(.data)
    .compoundliteral.35                      0x20000304   Data           4  lto-llvm-c19bd5.o(.data)
    .compoundliteral.36                      0x20000308   Data           8  lto-llvm-c19bd5.o(.data)
    .compoundliteral.38                      0x20000310   Data          48  lto-llvm-c19bd5.o(.data)
    .compoundliteral.39                      0x20000340   Data          16  lto-llvm-c19bd5.o(.data)
    .compoundliteral.40                      0x20000350   Data          16  lto-llvm-c19bd5.o(.data)
    nl_2_nl_output_array                     0x20000360   Data          16  lto-llvm-c19bd5.o(.data)
    nl_2_nl_output                           0x20000370   Data          28  lto-llvm-c19bd5.o(.data)
    .compoundliteral.42                      0x2000038c   Data          16  lto-llvm-c19bd5.o(.data)
    .compoundliteral.43                      0x2000039c   Data          16  lto-llvm-c19bd5.o(.data)
    dense_3_weights_array                    0x200003ac   Data          16  lto-llvm-c19bd5.o(.data)
    dense_3_weights                          0x200003bc   Data          28  lto-llvm-c19bd5.o(.data)
    .compoundliteral.45                      0x200003d8   Data          16  lto-llvm-c19bd5.o(.data)
    .compoundliteral.46                      0x200003e8   Data          16  lto-llvm-c19bd5.o(.data)
    dense_3_bias_array                       0x200003f8   Data          16  lto-llvm-c19bd5.o(.data)
    dense_3_bias                             0x20000408   Data          28  lto-llvm-c19bd5.o(.data)
    .compoundliteral.48                      0x20000424   Data           4  lto-llvm-c19bd5.o(.data)
    .compoundliteral.49                      0x20000428   Data           4  lto-llvm-c19bd5.o(.data)
    .compoundliteral.52                      0x2000042c   Data          48  lto-llvm-c19bd5.o(.data)
    .compoundliteral.53                      0x2000045c   Data          16  lto-llvm-c19bd5.o(.data)
    .compoundliteral.54                      0x2000046c   Data          16  lto-llvm-c19bd5.o(.data)
    dense_2_output_array                     0x2000047c   Data          16  lto-llvm-c19bd5.o(.data)
    dense_2_output                           0x2000048c   Data          28  lto-llvm-c19bd5.o(.data)
    .compoundliteral.56                      0x200004a8   Data           4  lto-llvm-c19bd5.o(.data)
    .compoundliteral.57                      0x200004ac   Data           4  lto-llvm-c19bd5.o(.data)
    .compoundliteral.58                      0x200004b0   Data           8  lto-llvm-c19bd5.o(.data)
    .compoundliteral.60                      0x200004b8   Data          48  lto-llvm-c19bd5.o(.data)
    .compoundliteral.61                      0x200004e8   Data          16  lto-llvm-c19bd5.o(.data)
    .compoundliteral.62                      0x200004f8   Data          16  lto-llvm-c19bd5.o(.data)
    nl_1_nl_output_array                     0x20000508   Data          16  lto-llvm-c19bd5.o(.data)
    nl_1_nl_output                           0x20000518   Data          28  lto-llvm-c19bd5.o(.data)
    .compoundliteral.64                      0x20000534   Data          16  lto-llvm-c19bd5.o(.data)
    .compoundliteral.65                      0x20000544   Data          16  lto-llvm-c19bd5.o(.data)
    dense_2_weights_array                    0x20000554   Data          16  lto-llvm-c19bd5.o(.data)
    dense_2_weights                          0x20000564   Data          28  lto-llvm-c19bd5.o(.data)
    .compoundliteral.67                      0x20000580   Data          16  lto-llvm-c19bd5.o(.data)
    .compoundliteral.68                      0x20000590   Data          16  lto-llvm-c19bd5.o(.data)
    dense_2_bias_array                       0x200005a0   Data          16  lto-llvm-c19bd5.o(.data)
    dense_2_bias                             0x200005b0   Data          28  lto-llvm-c19bd5.o(.data)
    .compoundliteral.70                      0x200005cc   Data           4  lto-llvm-c19bd5.o(.data)
    .compoundliteral.71                      0x200005d0   Data           4  lto-llvm-c19bd5.o(.data)
    .compoundliteral.74                      0x200005d4   Data          48  lto-llvm-c19bd5.o(.data)
    .compoundliteral.75                      0x20000604   Data          16  lto-llvm-c19bd5.o(.data)
    .compoundliteral.76                      0x20000614   Data          16  lto-llvm-c19bd5.o(.data)
    dense_1_output_array                     0x20000624   Data          16  lto-llvm-c19bd5.o(.data)
    dense_1_output                           0x20000634   Data          28  lto-llvm-c19bd5.o(.data)
    .compoundliteral.78                      0x20000650   Data           4  lto-llvm-c19bd5.o(.data)
    .compoundliteral.79                      0x20000654   Data           4  lto-llvm-c19bd5.o(.data)
    .compoundliteral.80                      0x20000658   Data           8  lto-llvm-c19bd5.o(.data)
    .compoundliteral.82                      0x20000660   Data          48  lto-llvm-c19bd5.o(.data)
    .compoundliteral.83                      0x20000690   Data          16  lto-llvm-c19bd5.o(.data)
    .compoundliteral.84                      0x200006a0   Data          16  lto-llvm-c19bd5.o(.data)
    nl_0_nl_output_array                     0x200006b0   Data          16  lto-llvm-c19bd5.o(.data)
    nl_0_nl_output                           0x200006c0   Data          28  lto-llvm-c19bd5.o(.data)
    .compoundliteral.86                      0x200006dc   Data          16  lto-llvm-c19bd5.o(.data)
    .compoundliteral.87                      0x200006ec   Data          16  lto-llvm-c19bd5.o(.data)
    dense_1_weights_array                    0x200006fc   Data          16  lto-llvm-c19bd5.o(.data)
    dense_1_weights                          0x2000070c   Data          28  lto-llvm-c19bd5.o(.data)
    .compoundliteral.89                      0x20000728   Data          16  lto-llvm-c19bd5.o(.data)
    .compoundliteral.90                      0x20000738   Data          16  lto-llvm-c19bd5.o(.data)
    dense_1_bias_array                       0x20000748   Data          16  lto-llvm-c19bd5.o(.data)
    dense_1_bias                             0x20000758   Data          28  lto-llvm-c19bd5.o(.data)
    .compoundliteral.92                      0x20000774   Data           4  lto-llvm-c19bd5.o(.data)
    .compoundliteral.93                      0x20000778   Data           4  lto-llvm-c19bd5.o(.data)
    .compoundliteral.96                      0x2000077c   Data          48  lto-llvm-c19bd5.o(.data)
    .compoundliteral.97                      0x200007ac   Data          16  lto-llvm-c19bd5.o(.data)
    .compoundliteral.98                      0x200007bc   Data          16  lto-llvm-c19bd5.o(.data)
    dense_0_output_array                     0x200007cc   Data          16  lto-llvm-c19bd5.o(.data)
    dense_0_output                           0x200007dc   Data          28  lto-llvm-c19bd5.o(.data)
    .compoundliteral.100                     0x200007f8   Data           4  lto-llvm-c19bd5.o(.data)
    .compoundliteral.101                     0x200007fc   Data           4  lto-llvm-c19bd5.o(.data)
    .compoundliteral.102                     0x20000800   Data           8  lto-llvm-c19bd5.o(.data)
    .compoundliteral.104                     0x20000808   Data          48  lto-llvm-c19bd5.o(.data)
    .compoundliteral.105                     0x20000838   Data          16  lto-llvm-c19bd5.o(.data)
    .compoundliteral.106                     0x20000848   Data          16  lto-llvm-c19bd5.o(.data)
    dense_0_weights_array                    0x20000858   Data          16  lto-llvm-c19bd5.o(.data)
    dense_0_weights                          0x20000868   Data          28  lto-llvm-c19bd5.o(.data)
    .compoundliteral.108                     0x20000884   Data          16  lto-llvm-c19bd5.o(.data)
    .compoundliteral.109                     0x20000894   Data          16  lto-llvm-c19bd5.o(.data)
    dense_0_bias_array                       0x200008a4   Data          16  lto-llvm-c19bd5.o(.data)
    dense_0_bias                             0x200008b4   Data          28  lto-llvm-c19bd5.o(.data)
    .compoundliteral.1                       0x200008d0   Data          16  lto-llvm-c19bd5.o(.data)
    g_network_data_map_activations           0x200008e0   Data          28  lto-llvm-c19bd5.o(.data)
    .compoundliteral.1.2                     0x200008fc   Data          16  lto-llvm-c19bd5.o(.data)
    g_network_data_map_weights               0x2000090c   Data          28  lto-llvm-c19bd5.o(.data)
    SystemCoreClock                          0x20000928   Data           4  lto-llvm-c19bd5.o(.data)
    .compoundliteral.9                       0x20000940   Data          16  lto-llvm-c19bd5.o(.bss)
    [Anonymous Symbol]                       0x20000940   Section        0  lto-llvm-c19bd5.o(.bss)
    .compoundliteral.10                      0x20000950   Data          28  lto-llvm-c19bd5.o(.bss)
    .compoundliteral.11                      0x2000096c   Data           8  lto-llvm-c19bd5.o(.bss)
    .compoundliteral.14                      0x20000974   Data          16  lto-llvm-c19bd5.o(.bss)
    .compoundliteral.15                      0x20000984   Data          28  lto-llvm-c19bd5.o(.bss)
    .compoundliteral.16                      0x200009a0   Data           8  lto-llvm-c19bd5.o(.bss)
    .compoundliteral.28                      0x200009a8   Data           4  lto-llvm-c19bd5.o(.bss)
    .compoundliteral.29                      0x200009ac   Data           4  lto-llvm-c19bd5.o(.bss)
    .compoundliteral.37                      0x200009b0   Data           4  lto-llvm-c19bd5.o(.bss)
    .compoundliteral.50                      0x200009b4   Data           4  lto-llvm-c19bd5.o(.bss)
    .compoundliteral.51                      0x200009b8   Data           4  lto-llvm-c19bd5.o(.bss)
    .compoundliteral.59                      0x200009bc   Data           4  lto-llvm-c19bd5.o(.bss)
    .compoundliteral.72                      0x200009c0   Data           4  lto-llvm-c19bd5.o(.bss)
    .compoundliteral.73                      0x200009c4   Data           4  lto-llvm-c19bd5.o(.bss)
    .compoundliteral.81                      0x200009c8   Data           4  lto-llvm-c19bd5.o(.bss)
    .compoundliteral.94                      0x200009cc   Data           4  lto-llvm-c19bd5.o(.bss)
    .compoundliteral.95                      0x200009d0   Data           4  lto-llvm-c19bd5.o(.bss)
    .compoundliteral.103                     0x200009d4   Data           4  lto-llvm-c19bd5.o(.bss)
    g_network_weights_map                    0x200009d8   Data           4  lto-llvm-c19bd5.o(.bss)
    g_network_activations_map                0x200009dc   Data           4  lto-llvm-c19bd5.o(.bss)
    input                                    0x200009e0   Data        5000  lto-llvm-c19bd5.o(.bss)
    result                                   0x20001d68   Data           8  lto-llvm-c19bd5.o(.bss)
    hcrc                                     0x20001d70   Data          36  lto-llvm-c19bd5.o(.bss)
    activations                              0x20001da0   Data         668  lto-llvm-c19bd5.o(.bss)
    network                                  0x2000203c   Data           4  lto-llvm-c19bd5.o(.bss)
    ai_input                                 0x20002040   Data           4  lto-llvm-c19bd5.o(.bss)
    ai_output                                0x20002044   Data           4  lto-llvm-c19bd5.o(.bss)
    huart2                                   0x20002048   Data         128  lto-llvm-c19bd5.o(.bss)
    spectral_features                        0x200020c8   Data         268  lto-llvm-c19bd5.o(.bss)
    uwTick                                   0x200021d4   Data           4  lto-llvm-c19bd5.o(.bss)
    uwTickPrio                               0x200021d8   Data           1  lto-llvm-c19bd5.o(.bss)
    HEAP                                     0x200021e0   Section     2048  startup_stm32l432xx.o(HEAP)
    STACK                                    0x200029e0   Section     2048  startup_stm32l432xx.o(STACK)

    Global Symbols

    Symbol Name                              Value     Ov Type        Size  Object(Section)

    BuildAttributes$$THM_ISAv4$E$P$D$K$B$S$7EM$VFPi3$EXTD16$VFPS$VFMA$PE$A:L22UL41UL21$X:L11$S22US41US21$IEEE1$IW$~IW$USESV6$~STKCKD$USESV7$~SHL$OTIME$ROPI$IEEEX$EBA8$MICROLIB$REQ8$PRES8$EABIv2 0x00000000   Number         0  anon$$obj.o ABSOLUTE
    _printf_a                                0x00000000   Number         0  printfstubs.o ABSOLUTE
    _printf_c                                0x00000000   Number         0  printfstubs.o ABSOLUTE
    _printf_charcount                        0x00000000   Number         0  printfstubs.o ABSOLUTE
    _printf_d                                0x00000000   Number         0  printfstubs.o ABSOLUTE
    _printf_e                                0x00000000   Number         0  printfstubs.o ABSOLUTE
    _printf_f                                0x00000000   Number         0  printfstubs.o ABSOLUTE
    _printf_flags                            0x00000000   Number         0  printfstubs.o ABSOLUTE
    _printf_fp_dec                           0x00000000   Number         0  printfstubs.o ABSOLUTE
    _printf_fp_hex                           0x00000000   Number         0  printfstubs.o ABSOLUTE
    _printf_g                                0x00000000   Number         0  printfstubs.o ABSOLUTE
    _printf_i                                0x00000000   Number         0  printfstubs.o ABSOLUTE
    _printf_int_dec                          0x00000000   Number         0  printfstubs.o ABSOLUTE
    _printf_l                                0x00000000   Number         0  printfstubs.o ABSOLUTE
    _printf_lc                               0x00000000   Number         0  printfstubs.o ABSOLUTE
    _printf_ll                               0x00000000   Number         0  printfstubs.o ABSOLUTE
    _printf_lld                              0x00000000   Number         0  printfstubs.o ABSOLUTE
    _printf_lli                              0x00000000   Number         0  printfstubs.o ABSOLUTE
    _printf_llo                              0x00000000   Number         0  printfstubs.o ABSOLUTE
    _printf_llu                              0x00000000   Number         0  printfstubs.o ABSOLUTE
    _printf_llx                              0x00000000   Number         0  printfstubs.o ABSOLUTE
    _printf_longlong_dec                     0x00000000   Number         0  printfstubs.o ABSOLUTE
    _printf_longlong_hex                     0x00000000   Number         0  printfstubs.o ABSOLUTE
    _printf_longlong_oct                     0x00000000   Number         0  printfstubs.o ABSOLUTE
    _printf_ls                               0x00000000   Number         0  printfstubs.o ABSOLUTE
    _printf_mbtowc                           0x00000000   Number         0  printfstubs.o ABSOLUTE
    _printf_n                                0x00000000   Number         0  printfstubs.o ABSOLUTE
    _printf_o                                0x00000000   Number         0  printfstubs.o ABSOLUTE
    _printf_p                                0x00000000   Number         0  printfstubs.o ABSOLUTE
    _printf_percent                          0x00000000   Number         0  printfstubs.o ABSOLUTE
    _printf_pre_padding                      0x00000000   Number         0  printfstubs.o ABSOLUTE
    _printf_return_value                     0x00000000   Number         0  printfstubs.o ABSOLUTE
    _printf_s                                0x00000000   Number         0  printfstubs.o ABSOLUTE
    _printf_sizespec                         0x00000000   Number         0  printfstubs.o ABSOLUTE
    _printf_str                              0x00000000   Number         0  printfstubs.o ABSOLUTE
    _printf_truncate_signed                  0x00000000   Number         0  printfstubs.o ABSOLUTE
    _printf_truncate_unsigned                0x00000000   Number         0  printfstubs.o ABSOLUTE
    _printf_u                                0x00000000   Number         0  printfstubs.o ABSOLUTE
    _printf_wc                               0x00000000   Number         0  printfstubs.o ABSOLUTE
    _printf_wctomb                           0x00000000   Number         0  printfstubs.o ABSOLUTE
    _printf_widthprec                        0x00000000   Number         0  printfstubs.o ABSOLUTE
    _printf_x                                0x00000000   Number         0  printfstubs.o ABSOLUTE
    __cpp_initialize__aeabi_                  - Undefined Weak Reference
    __cxa_finalize                            - Undefined Weak Reference
    _clock_init                               - Undefined Weak Reference
    _microlib_exit                            - Undefined Weak Reference
    _scanf_longlong                           - Undefined Weak Reference
    _scanf_string                             - Undefined Weak Reference
    __Vectors_Size                           0x0000018c   Number         0  startup_stm32l432xx.o ABSOLUTE
    __Vectors                                0x08000000   Data           4  startup_stm32l432xx.o(RESET)
    __Vectors_End                            0x0800018c   Data           0  startup_stm32l432xx.o(RESET)
    __main                                   0x0800018d   Thumb Code     0  entry.o(.ARM.Collect$$$$00000000)
    _main_stk                                0x0800018d   Thumb Code     0  entry2.o(.ARM.Collect$$$$00000001)
    _main_scatterload                        0x08000191   Thumb Code     0  entry5.o(.ARM.Collect$$$$00000004)
    __main_after_scatterload                 0x08000195   Thumb Code     0  entry5.o(.ARM.Collect$$$$00000004)
    _main_clock                              0x08000195   Thumb Code     0  entry7b.o(.ARM.Collect$$$$00000008)
    _main_cpp_init                           0x08000195   Thumb Code     0  entry8b.o(.ARM.Collect$$$$0000000A)
    _main_init                               0x08000195   Thumb Code     0  entry9a.o(.ARM.Collect$$$$0000000B)
    __rt_final_cpp                           0x0800019d   Thumb Code     0  entry10a.o(.ARM.Collect$$$$0000000D)
    __rt_final_exit                          0x0800019d   Thumb Code     0  entry11a.o(.ARM.Collect$$$$0000000F)
    Reset_Handler                            0x080001a1   Thumb Code     8  startup_stm32l432xx.o(.text)
    ADC1_IRQHandler                          0x080001bb   Thumb Code     0  startup_stm32l432xx.o(.text)
    CAN1_RX0_IRQHandler                      0x080001bb   Thumb Code     0  startup_stm32l432xx.o(.text)
    CAN1_RX1_IRQHandler                      0x080001bb   Thumb Code     0  startup_stm32l432xx.o(.text)
    CAN1_SCE_IRQHandler                      0x080001bb   Thumb Code     0  startup_stm32l432xx.o(.text)
    CAN1_TX_IRQHandler                       0x080001bb   Thumb Code     0  startup_stm32l432xx.o(.text)
    COMP_IRQHandler                          0x080001bb   Thumb Code     0  startup_stm32l432xx.o(.text)
    CRS_IRQHandler                           0x080001bb   Thumb Code     0  startup_stm32l432xx.o(.text)
    DMA1_Channel1_IRQHandler                 0x080001bb   Thumb Code     0  startup_stm32l432xx.o(.text)
    DMA1_Channel2_IRQHandler                 0x080001bb   Thumb Code     0  startup_stm32l432xx.o(.text)
    DMA1_Channel3_IRQHandler                 0x080001bb   Thumb Code     0  startup_stm32l432xx.o(.text)
    DMA1_Channel4_IRQHandler                 0x080001bb   Thumb Code     0  startup_stm32l432xx.o(.text)
    DMA1_Channel5_IRQHandler                 0x080001bb   Thumb Code     0  startup_stm32l432xx.o(.text)
    DMA1_Channel6_IRQHandler                 0x080001bb   Thumb Code     0  startup_stm32l432xx.o(.text)
    DMA1_Channel7_IRQHandler                 0x080001bb   Thumb Code     0  startup_stm32l432xx.o(.text)
    DMA2_Channel1_IRQHandler                 0x080001bb   Thumb Code     0  startup_stm32l432xx.o(.text)
    DMA2_Channel2_IRQHandler                 0x080001bb   Thumb Code     0  startup_stm32l432xx.o(.text)
    DMA2_Channel3_IRQHandler                 0x080001bb   Thumb Code     0  startup_stm32l432xx.o(.text)
    DMA2_Channel4_IRQHandler                 0x080001bb   Thumb Code     0  startup_stm32l432xx.o(.text)
    DMA2_Channel5_IRQHandler                 0x080001bb   Thumb Code     0  startup_stm32l432xx.o(.text)
    DMA2_Channel6_IRQHandler                 0x080001bb   Thumb Code     0  startup_stm32l432xx.o(.text)
    DMA2_Channel7_IRQHandler                 0x080001bb   Thumb Code     0  startup_stm32l432xx.o(.text)
    EXTI0_IRQHandler                         0x080001bb   Thumb Code     0  startup_stm32l432xx.o(.text)
    EXTI15_10_IRQHandler                     0x080001bb   Thumb Code     0  startup_stm32l432xx.o(.text)
    EXTI1_IRQHandler                         0x080001bb   Thumb Code     0  startup_stm32l432xx.o(.text)
    EXTI2_IRQHandler                         0x080001bb   Thumb Code     0  startup_stm32l432xx.o(.text)
    EXTI3_IRQHandler                         0x080001bb   Thumb Code     0  startup_stm32l432xx.o(.text)
    EXTI4_IRQHandler                         0x080001bb   Thumb Code     0  startup_stm32l432xx.o(.text)
    EXTI9_5_IRQHandler                       0x080001bb   Thumb Code     0  startup_stm32l432xx.o(.text)
    FLASH_IRQHandler                         0x080001bb   Thumb Code     0  startup_stm32l432xx.o(.text)
    FPU_IRQHandler                           0x080001bb   Thumb Code     0  startup_stm32l432xx.o(.text)
    I2C1_ER_IRQHandler                       0x080001bb   Thumb Code     0  startup_stm32l432xx.o(.text)
    I2C1_EV_IRQHandler                       0x080001bb   Thumb Code     0  startup_stm32l432xx.o(.text)
    I2C3_ER_IRQHandler                       0x080001bb   Thumb Code     0  startup_stm32l432xx.o(.text)
    I2C3_EV_IRQHandler                       0x080001bb   Thumb Code     0  startup_stm32l432xx.o(.text)
    LPTIM1_IRQHandler                        0x080001bb   Thumb Code     0  startup_stm32l432xx.o(.text)
    LPTIM2_IRQHandler                        0x080001bb   Thumb Code     0  startup_stm32l432xx.o(.text)
    LPUART1_IRQHandler                       0x080001bb   Thumb Code     0  startup_stm32l432xx.o(.text)
    PVD_PVM_IRQHandler                       0x080001bb   Thumb Code     0  startup_stm32l432xx.o(.text)
    QUADSPI_IRQHandler                       0x080001bb   Thumb Code     0  startup_stm32l432xx.o(.text)
    RCC_IRQHandler                           0x080001bb   Thumb Code     0  startup_stm32l432xx.o(.text)
    RNG_IRQHandler                           0x080001bb   Thumb Code     0  startup_stm32l432xx.o(.text)
    RTC_Alarm_IRQHandler                     0x080001bb   Thumb Code     0  startup_stm32l432xx.o(.text)
    RTC_WKUP_IRQHandler                      0x080001bb   Thumb Code     0  startup_stm32l432xx.o(.text)
    SAI1_IRQHandler                          0x080001bb   Thumb Code     0  startup_stm32l432xx.o(.text)
    SPI1_IRQHandler                          0x080001bb   Thumb Code     0  startup_stm32l432xx.o(.text)
    SPI3_IRQHandler                          0x080001bb   Thumb Code     0  startup_stm32l432xx.o(.text)
    SWPMI1_IRQHandler                        0x080001bb   Thumb Code     0  startup_stm32l432xx.o(.text)
    TAMP_STAMP_IRQHandler                    0x080001bb   Thumb Code     0  startup_stm32l432xx.o(.text)
    TIM1_BRK_TIM15_IRQHandler                0x080001bb   Thumb Code     0  startup_stm32l432xx.o(.text)
    TIM1_CC_IRQHandler                       0x080001bb   Thumb Code     0  startup_stm32l432xx.o(.text)
    TIM1_TRG_COM_IRQHandler                  0x080001bb   Thumb Code     0  startup_stm32l432xx.o(.text)
    TIM1_UP_TIM16_IRQHandler                 0x080001bb   Thumb Code     0  startup_stm32l432xx.o(.text)
    TIM6_DAC_IRQHandler                      0x080001bb   Thumb Code     0  startup_stm32l432xx.o(.text)
    TIM7_IRQHandler                          0x080001bb   Thumb Code     0  startup_stm32l432xx.o(.text)
    TSC_IRQHandler                           0x080001bb   Thumb Code     0  startup_stm32l432xx.o(.text)
    USART1_IRQHandler                        0x080001bb   Thumb Code     0  startup_stm32l432xx.o(.text)
    USART2_IRQHandler                        0x080001bb   Thumb Code     0  startup_stm32l432xx.o(.text)
    USB_IRQHandler                           0x080001bb   Thumb Code     0  startup_stm32l432xx.o(.text)
    WWDG_IRQHandler                          0x080001bb   Thumb Code     0  startup_stm32l432xx.o(.text)
    __aeabi_memcpy                           0x080001c5   Thumb Code    36  memcpya.o(.text)
    __aeabi_memcpy4                          0x080001c5   Thumb Code     0  memcpya.o(.text)
    __aeabi_memcpy8                          0x080001c5   Thumb Code     0  memcpya.o(.text)
    __aeabi_memset                           0x080001e9   Thumb Code    14  memseta.o(.text)
    __aeabi_memset4                          0x080001e9   Thumb Code     0  memseta.o(.text)
    __aeabi_memset8                          0x080001e9   Thumb Code     0  memseta.o(.text)
    __aeabi_memclr                           0x080001f7   Thumb Code     4  memseta.o(.text)
    __aeabi_memclr4                          0x080001f7   Thumb Code     0  memseta.o(.text)
    __aeabi_memclr8                          0x080001f7   Thumb Code     0  memseta.o(.text)
    _memset$wrapper                          0x080001fb   Thumb Code    18  memseta.o(.text)
    memcmp                                   0x0800020d   Thumb Code    26  memcmp.o(.text)
    calloc                                   0x08000227   Thumb Code    28  calloc.o(.text)
    __0scanf                                 0x08000245   Thumb Code    26  __0scanf.o(.text)
    _scanf_int                               0x08000265   Thumb Code   332  _scanf_int.o(.text)
    _scanf_real                              0x080004e1   Thumb Code     0  scanf_fp.o(.text)
    _scanf_really_real                       0x080004e1   Thumb Code   556  scanf_fp.o(.text)
    __aeabi_uidiv                            0x0800071f   Thumb Code     0  uidiv.o(.text)
    __aeabi_uidivmod                         0x0800071f   Thumb Code    44  uidiv.o(.text)
    __aeabi_uldivmod                         0x0800074b   Thumb Code    98  uldiv.o(.text)
    __aeabi_llsl                             0x080007b3   Thumb Code    30  llshl.o(.text)
    _ll_shift_l                              0x080007b3   Thumb Code     0  llshl.o(.text)
    _chval                                   0x080007d1   Thumb Code    28  _chval.o(.text)
    __vfscanf_char_file                      0x080007ed   Thumb Code    12  scanf_char_file.o(.text)
    __I$use$fp                               0x08000801   Thumb Code     0  iusefp.o(.text)
    __aeabi_dadd                             0x08000801   Thumb Code   322  dadd.o(.text)
    __aeabi_dsub                             0x08000943   Thumb Code     6  dadd.o(.text)
    __aeabi_drsub                            0x08000949   Thumb Code     6  dadd.o(.text)
    __aeabi_dmul                             0x0800095f   Thumb Code   228  dmul.o(.text)
    __aeabi_ddiv                             0x08000a49   Thumb Code   222  ddiv.o(.text)
    __aeabi_ul2d                             0x08000b27   Thumb Code    24  dfltul.o(.text)
    __aeabi_d2ulz                            0x08000b3f   Thumb Code    48  dfixul.o(.text)
    __aeabi_cdrcmple                         0x08000b71   Thumb Code    48  cdrcmple.o(.text)
    __aeabi_d2f                              0x08000ba1   Thumb Code    56  d2f.o(.text)
    __scatterload                            0x08000bd9   Thumb Code    28  init.o(.text)
    __scatterload_rt2                        0x08000bd9   Thumb Code     0  init.o(.text)
    _fgetc$bs                                0x08000bfd   Thumb Code    28  fgetc_b.o(.text)
    __backspace                              0x08000c19   Thumb Code    10  fgetc_b.o(.text)
    __aeabi_llsr                             0x08000c29   Thumb Code    32  llushr.o(.text)
    _ll_ushift_r                             0x08000c29   Thumb Code     0  llushr.o(.text)
    __aeabi_lasr                             0x08000c49   Thumb Code    36  llsshr.o(.text)
    _ll_sshift_r                             0x08000c49   Thumb Code     0  llsshr.o(.text)
    __vfscanf_char                           0x08000c79   Thumb Code    20  scanf_char.o(.text)
    _float_round                             0x08000c95   Thumb Code    18  fepilogue.o(.text)
    _float_epilogue                          0x08000ca7   Thumb Code    92  fepilogue.o(.text)
    _double_round                            0x08000d03   Thumb Code    30  depilogue.o(.text)
    _double_epilogue                         0x08000d21   Thumb Code   156  depilogue.o(.text)
    __semihosting_library_function           0x08000dbd   Thumb Code     0  semi.o(.text)
    isspace                                  0x08000dbd   Thumb Code    10  isspace_c.o(.text)
    __vfscanf                                0x08000dc9   Thumb Code   808  _scanf.o(.text)
    __I$use$semihosting$fgetc                0x080010fb   Thumb Code     0  iusesemig.o(.text)
    __ctype_lookup                           0x080010fd   Thumb Code    34  ctype_c.o(.text)
    __aeabi_ui2d                             0x08001125   Thumb Code    26  dfltui.o(.text)
    __decompress                             0x0800113f   Thumb Code     0  __dclz77c.o(.text)
    __decompress2                            0x0800113f   Thumb Code    94  __dclz77c.o(.text)
    BusFault_Handler                         0x0800119d   Thumb Code     2  lto-llvm-c19bd5.o(.text.BusFault_Handler)
    DebugMon_Handler                         0x080011a1   Thumb Code     2  lto-llvm-c19bd5.o(.text.DebugMon_Handler)
    HardFault_Handler                        0x08001395   Thumb Code     2  lto-llvm-c19bd5.o(.text.HardFault_Handler)
    MemManage_Handler                        0x08001399   Thumb Code     2  lto-llvm-c19bd5.o(.text.MemManage_Handler)
    NMI_Handler                              0x0800139d   Thumb Code     2  lto-llvm-c19bd5.o(.text.NMI_Handler)
    PendSV_Handler                           0x080013a1   Thumb Code     2  lto-llvm-c19bd5.o(.text.PendSV_Handler)
    SVC_Handler                              0x080013a5   Thumb Code     2  lto-llvm-c19bd5.o(.text.SVC_Handler)
    SysTick_Handler                          0x080013a9   Thumb Code    16  lto-llvm-c19bd5.o(.text.SysTick_Handler)
    SystemInit                               0x080013b9   Thumb Code    82  lto-llvm-c19bd5.o(.text.SystemInit)
    TIM2_IRQHandler                          0x0800140d   Thumb Code     2  lto-llvm-c19bd5.o(.text.TIM2_IRQHandler)
    UsageFault_Handler                       0x08001411   Thumb Code     2  lto-llvm-c19bd5.o(.text.UsageFault_Handler)
    fgetc                                    0x08001999   Thumb Code   332  lto-llvm-c19bd5.o(.text.fgetc)
    fputc                                    0x08001ae5   Thumb Code   358  lto-llvm-c19bd5.o(.text.fputc)
    main                                     0x08001c51   Thumb Code  9912  lto-llvm-c19bd5.o(.text.main)
    __0printf                                0x0800439d   Thumb Code    22  printfa.o(i.__0printf)
    __1printf                                0x0800439d   Thumb Code     0  printfa.o(i.__0printf)
    __2printf                                0x0800439d   Thumb Code     0  printfa.o(i.__0printf)
    __c89printf                              0x0800439d   Thumb Code     0  printfa.o(i.__0printf)
    printf                                   0x0800439d   Thumb Code     0  printfa.o(i.__0printf)
    __ARM_fpclassifyf                        0x080043bd   Thumb Code    38  fpclassifyf.o(i.__ARM_fpclassifyf)
    free                                     0x080044dd   Thumb Code    88  mallocr.o(i.__free$realloc)
    __hardfp_expf                            0x08004539   Thumb Code   430  expf.o(i.__hardfp_expf)
    __mathlib_expf                           0x08004539   Thumb Code     0  expf.o(i.__hardfp_expf)
    __hardfp_frexpf                          0x08004725   Thumb Code    80  frexpf.o(i.__hardfp_frexpf)
    __hardfp_sqrtf                           0x08004779   Thumb Code    58  sqrtf.o(i.__hardfp_sqrtf)
    malloc                                   0x080047b5   Thumb Code    64  mallocr.o(i.__malloc$realloc)
    __mathlib_flt_infnan                     0x08004805   Thumb Code     6  funder.o(i.__mathlib_flt_infnan)
    __mathlib_flt_overflow                   0x0800480d   Thumb Code    10  funder.o(i.__mathlib_flt_overflow)
    __mathlib_flt_underflow                  0x0800481d   Thumb Code    10  funder.o(i.__mathlib_flt_underflow)
    __scatterload_copy                       0x0800482d   Thumb Code    14  handlers.o(i.__scatterload_copy)
    __scatterload_null                       0x0800483b   Thumb Code     2  handlers.o(i.__scatterload_null)
    __scatterload_zeroinit                   0x0800483d   Thumb Code    14  handlers.o(i.__scatterload_zeroinit)
    __set_errno                              0x0800484d   Thumb Code     6  errno.o(i.__set_errno)
    _ai_platform_acquire_crc                 0x08004a7f   Thumb Code     4  ai_platform_interface.o(i._ai_platform_acquire_crc)
    _ai_platform_release_crc                 0x08004b5b   Thumb Code     2  ai_platform_interface.o(i._ai_platform_release_crc)
    _is_digit                                0x08004ce7   Thumb Code    14  scanf_fp.o(i._is_digit)
    ai_array_get_byte_size                   0x08005859   Thumb Code    54  ai_datatypes_format.o(i.ai_array_get_byte_size)
    ai_array_get_data_byte_size              0x0800588f   Thumb Code    30  ai_datatypes_format.o(i.ai_array_get_data_byte_size)
    ai_array_to_buffer_fmt                   0x080058ad   Thumb Code   242  ai_datatypes_format.o(i.ai_array_to_buffer_fmt)
    ai_buffer_array_item_set_address         0x080059d5   Thumb Code    36  ai_platform.o(i.ai_buffer_array_item_set_address)
    ai_buffer_array_sane                     0x080059f9   Thumb Code    18  ai_platform.o(i.ai_buffer_array_sane)
    ai_buffer_get_size                       0x08005a0d   Thumb Code    96  ai_platform.o(i.ai_buffer_get_size)
    ai_check_custom_types                    0x08005a75   Thumb Code    38  layers.o(i.ai_check_custom_types)
    ai_layers_forward_all                    0x08005aa1   Thumb Code    78  layers.o(i.ai_layers_forward_all)
    ai_layers_init_all                       0x08005aef   Thumb Code    30  layers.o(i.ai_layers_init_all)
    ai_layers_post_init_all                  0x08005b0d   Thumb Code    54  layers.o(i.ai_layers_post_init_all)
    ai_platform_bind_network_params          0x08005b45   Thumb Code    38  ai_platform_interface.o(i.ai_platform_bind_network_params)
    ai_platform_context_acquire              0x08005b71   Thumb Code    24  ai_platform_interface.o(i.ai_platform_context_acquire)
    ai_platform_get_activations_map          0x08005b8d   Thumb Code    38  ai_platform_interface.o(i.ai_platform_get_activations_map)
    ai_platform_get_weights_map              0x08005bb9   Thumb Code    36  ai_platform_interface.o(i.ai_platform_get_weights_map)
    ai_platform_inputs_get                   0x08005be1   Thumb Code    60  ai_platform_interface.o(i.ai_platform_inputs_get)
    ai_platform_interface_api_get_version    0x08005c1d   Thumb Code    14  ai_platform_interface.o(i.ai_platform_interface_api_get_version)
    ai_platform_network_create               0x08005c31   Thumb Code   240  ai_platform_interface.o(i.ai_platform_network_create)
    ai_platform_network_get_error            0x08005d41   Thumb Code    24  ai_platform_interface.o(i.ai_platform_network_get_error)
    ai_platform_network_init                 0x08005d5d   Thumb Code   254  ai_platform_interface.o(i.ai_platform_network_init)
    ai_platform_network_post_init            0x08005e6f   Thumb Code    70  ai_platform_interface.o(i.ai_platform_network_post_init)
    ai_platform_network_process              0x08005eb5   Thumb Code    84  ai_platform_interface.o(i.ai_platform_network_process)
    ai_platform_network_set_error            0x08005f09   Thumb Code    12  ai_platform_interface.o(i.ai_platform_network_set_error)
    ai_platform_outputs_get                  0x08005f15   Thumb Code    68  ai_platform_interface.o(i.ai_platform_outputs_get)
    ai_version_get                           0x08005f73   Thumb Code    12  ai_datatypes_internal.o(i.ai_version_get)
    core_get_error                           0x08005f7f   Thumb Code    12  core_common.o(i.core_get_error)
    core_init                                0x08005f8b   Thumb Code     4  core_common.o(i.core_init)
    core_set_error                           0x08005f8f   Thumb Code    26  core_common.o(i.core_set_error)
    forward_dense                            0x08005fa9   Thumb Code   514  layers_conv2d_generic_float.o(i.forward_dense)
    forward_relu                             0x080061b7   Thumb Code   154  layers_nl_generic_float.o(i.forward_relu)
    forward_sm                               0x08006251   Thumb Code   108  layers_nl_generic_float.o(i.forward_sm)
    get_tensor_byte_size                     0x080062bd   Thumb Code    34  ai_datatypes_internal.o(i.get_tensor_byte_size)
    nl_func_relu_array_f32                   0x08006335   Thumb Code    62  layers_nl_generic_float.o(i.nl_func_relu_array_f32)
    nl_func_relu_generic_array_f32           0x08006379   Thumb Code   190  layers_nl_generic_float.o(i.nl_func_relu_generic_array_f32)
    nl_func_relu_thresholded_array_f32       0x0800643d   Thumb Code    66  layers_nl_generic_float.o(i.nl_func_relu_thresholded_array_f32)
    nl_func_sm_array_f32                     0x08006485   Thumb Code    78  layers_nl_generic_float.o(i.nl_func_sm_array_f32)
    nl_func_sm_channel_f32                   0x080064d9   Thumb Code   150  layers_nl_generic_float.o(i.nl_func_sm_channel_f32)
    __ctype_categories                       0x08006610   Data          64  ctype_c.o(.constdata)
    Region$$Table$$Base                      0x0800ac78   Number         0  anon$$obj.o(Region$$Table)
    Region$$Table$$Limit                     0x0800ac98   Number         0  anon$$obj.o(Region$$Table)
    __stdin                                  0x20000000   Data           4  stdin.o(.data)
    __stdout                                 0x20000004   Data           4  stdout.o(.data)
    __microlib_freelist                      0x20000008   Data           4  mvars.o(.data)
    __microlib_freelist_initialised          0x2000000c   Data           4  mvars.o(.data)
    __heap_base                              0x200021e0   Data           0  startup_stm32l432xx.o(HEAP)
    __heap_limit                             0x200029e0   Data           0  startup_stm32l432xx.o(HEAP)
    __initial_sp                             0x200031e0   Data           0  startup_stm32l432xx.o(STACK)



==============================================================================

Memory Map of the image

  Image Entry point : 0x0800018d

  Load Region LR_IROM1 (Base: 0x08000000, Size: 0x0000b5e0, Max: 0x00040000, ABSOLUTE, COMPRESSED[0x0000afe0])

    Execution Region ER_IROM1 (Exec base: 0x08000000, Load base: 0x08000000, Size: 0x0000ac98, Max: 0x00040000, ABSOLUTE)

    Exec Addr    Load Addr    Size         Type   Attr      Idx    E Section Name        Object

    0x08000000   0x08000000   0x0000018c   Data   RO            3    RESET               startup_stm32l432xx.o
    0x0800018c   0x0800018c   0x00000000   Code   RO         1087  * .ARM.Collect$$$$00000000  mc_w.l(entry.o)
    0x0800018c   0x0800018c   0x00000004   Code   RO         1446    .ARM.Collect$$$$00000001  mc_w.l(entry2.o)
    0x08000190   0x08000190   0x00000004   Code   RO         1449    .ARM.Collect$$$$00000004  mc_w.l(entry5.o)
    0x08000194   0x08000194   0x00000000   Code   RO         1451    .ARM.Collect$$$$00000008  mc_w.l(entry7b.o)
    0x08000194   0x08000194   0x00000000   Code   RO         1453    .ARM.Collect$$$$0000000A  mc_w.l(entry8b.o)
    0x08000194   0x08000194   0x00000008   Code   RO         1454    .ARM.Collect$$$$0000000B  mc_w.l(entry9a.o)
    0x0800019c   0x0800019c   0x00000000   Code   RO         1456    .ARM.Collect$$$$0000000D  mc_w.l(entry10a.o)
    0x0800019c   0x0800019c   0x00000000   Code   RO         1458    .ARM.Collect$$$$0000000F  mc_w.l(entry11a.o)
    0x0800019c   0x0800019c   0x00000004   Code   RO         1447    .ARM.Collect$$$$00002712  mc_w.l(entry2.o)
    0x080001a0   0x080001a0   0x00000024   Code   RO            4    .text               startup_stm32l432xx.o
    0x080001c4   0x080001c4   0x00000024   Code   RO         1093    .text               mc_w.l(memcpya.o)
    0x080001e8   0x080001e8   0x00000024   Code   RO         1095    .text               mc_w.l(memseta.o)
    0x0800020c   0x0800020c   0x0000001a   Code   RO         1097    .text               mc_w.l(memcmp.o)
    0x08000226   0x08000226   0x0000001c   Code   RO         1390    .text               mc_w.l(calloc.o)
    0x08000242   0x08000242   0x00000002   PAD
    0x08000244   0x08000244   0x00000020   Code   RO         1392    .text               mc_w.l(__0scanf.o)
    0x08000264   0x08000264   0x00000152   Code   RO         1394    .text               mc_w.l(_scanf_int.o)
    0x080003b6   0x080003b6   0x00000002   PAD
    0x080003b8   0x080003b8   0x00000366   Code   RO         1396    .text               mc_w.l(scanf_fp.o)
    0x0800071e   0x0800071e   0x0000002c   Code   RO         1471    .text               mc_w.l(uidiv.o)
    0x0800074a   0x0800074a   0x00000068   Code   RO         1473    .text               mc_w.l(uldiv.o)
    0x080007b2   0x080007b2   0x0000001e   Code   RO         1475    .text               mc_w.l(llshl.o)
    0x080007d0   0x080007d0   0x0000001c   Code   RO         1486    .text               mc_w.l(_chval.o)
    0x080007ec   0x080007ec   0x00000014   Code   RO         1488    .text               mc_w.l(scanf_char_file.o)
    0x08000800   0x08000800   0x00000000   Code   RO         1490    .text               mc_w.l(iusefp.o)
    0x08000800   0x08000800   0x0000015e   Code   RO         1495    .text               mf_w.l(dadd.o)
    0x0800095e   0x0800095e   0x000000ea   Code   RO         1497    .text               mf_w.l(dmul.o)
    0x08000a48   0x08000a48   0x000000de   Code   RO         1499    .text               mf_w.l(ddiv.o)
    0x08000b26   0x08000b26   0x00000018   Code   RO         1507    .text               mf_w.l(dfltul.o)
    0x08000b3e   0x08000b3e   0x00000030   Code   RO         1511    .text               mf_w.l(dfixul.o)
    0x08000b6e   0x08000b6e   0x00000002   PAD
    0x08000b70   0x08000b70   0x00000030   Code   RO         1515    .text               mf_w.l(cdrcmple.o)
    0x08000ba0   0x08000ba0   0x00000038   Code   RO         1517    .text               mf_w.l(d2f.o)
    0x08000bd8   0x08000bd8   0x00000024   Code   RO         1521    .text               mc_w.l(init.o)
    0x08000bfc   0x08000bfc   0x0000002c   Code   RO         1523    .text               mc_w.l(fgetc_b.o)
    0x08000c28   0x08000c28   0x00000020   Code   RO         1526    .text               mc_w.l(llushr.o)
    0x08000c48   0x08000c48   0x00000024   Code   RO         1528    .text               mc_w.l(llsshr.o)
    0x08000c6c   0x08000c6c   0x00000028   Code   RO         1530    .text               mc_w.l(scanf_char.o)
    0x08000c94   0x08000c94   0x0000006e   Code   RO         1532    .text               mf_w.l(fepilogue.o)
    0x08000d02   0x08000d02   0x000000ba   Code   RO         1534    .text               mf_w.l(depilogue.o)
    0x08000dbc   0x08000dbc   0x00000000   Code   RO         1536    .text               mc_w.l(semi.o)
    0x08000dbc   0x08000dbc   0x0000000a   Code   RO         1537    .text               mc_w.l(isspace_c.o)
    0x08000dc6   0x08000dc6   0x00000002   PAD
    0x08000dc8   0x08000dc8   0x00000332   Code   RO         1539    .text               mc_w.l(_scanf.o)
    0x080010fa   0x080010fa   0x00000000   Code   RO         1541    .text               mc_w.l(iusesemig.o)
    0x080010fa   0x080010fa   0x00000002   PAD
    0x080010fc   0x080010fc   0x00000028   Code   RO         1542    .text               mc_w.l(ctype_c.o)
    0x08001124   0x08001124   0x0000001a   Code   RO         1591    .text               mf_w.l(dfltui.o)
    0x0800113e   0x0800113e   0x0000005e   Code   RO         1601    .text               mc_w.l(__dclz77c.o)
    0x0800119c   0x0800119c   0x00000002   Code   RO         1558    .text.BusFault_Handler  lto-llvm-c19bd5.o
    0x0800119e   0x0800119e   0x00000002   PAD
    0x080011a0   0x080011a0   0x00000002   Code   RO         1564    .text.DebugMon_Handler  lto-llvm-c19bd5.o
    0x080011a2   0x080011a2   0x00000002   PAD
    0x080011a4   0x080011a4   0x000001f0   Code   RO         1572    .text.HAL_GPIO_Init  lto-llvm-c19bd5.o
    0x08001394   0x08001394   0x00000002   Code   RO         1554    .text.HardFault_Handler  lto-llvm-c19bd5.o
    0x08001396   0x08001396   0x00000002   PAD
    0x08001398   0x08001398   0x00000002   Code   RO         1556    .text.MemManage_Handler  lto-llvm-c19bd5.o
    0x0800139a   0x0800139a   0x00000002   PAD
    0x0800139c   0x0800139c   0x00000002   Code   RO         1552    .text.NMI_Handler   lto-llvm-c19bd5.o
    0x0800139e   0x0800139e   0x00000002   PAD
    0x080013a0   0x080013a0   0x00000002   Code   RO         1566    .text.PendSV_Handler  lto-llvm-c19bd5.o
    0x080013a2   0x080013a2   0x00000002   PAD
    0x080013a4   0x080013a4   0x00000002   Code   RO         1562    .text.SVC_Handler   lto-llvm-c19bd5.o
    0x080013a6   0x080013a6   0x00000002   PAD
    0x080013a8   0x080013a8   0x00000010   Code   RO         1568    .text.SysTick_Handler  lto-llvm-c19bd5.o
    0x080013b8   0x080013b8   0x00000052   Code   RO         1574    .text.SystemInit    lto-llvm-c19bd5.o
    0x0800140a   0x0800140a   0x00000002   PAD
    0x0800140c   0x0800140c   0x00000002   Code   RO         1570    .text.TIM2_IRQHandler  lto-llvm-c19bd5.o
    0x0800140e   0x0800140e   0x00000002   PAD
    0x08001410   0x08001410   0x00000002   Code   RO         1560    .text.UsageFault_Handler  lto-llvm-c19bd5.o
    0x08001412   0x08001412   0x00000002   PAD
    0x08001414   0x08001414   0x00000584   Code   RO         1576    .text.arm_radix8_butterfly_f32  lto-llvm-c19bd5.o
    0x08001998   0x08001998   0x0000014c   Code   RO         1550    .text.fgetc         lto-llvm-c19bd5.o
    0x08001ae4   0x08001ae4   0x00000166   Code   RO         1548    .text.fputc         lto-llvm-c19bd5.o
    0x08001c4a   0x08001c4a   0x00000006   PAD
    0x08001c50   0x08001c50   0x000026e0   Code   RO         1546    .text.main          lto-llvm-c19bd5.o
    0x08004330   0x08004330   0x0000006c   Code   RO           94    i.CRC_Lock          NetworkRuntime720_CM4_Keil.lib(ai_platform_interface.o)
    0x0800439c   0x0800439c   0x00000020   Code   RO         1334    i.__0printf         mc_w.l(printfa.o)
    0x080043bc   0x080043bc   0x00000026   Code   RO         1424    i.__ARM_fpclassifyf  m_wm.l(fpclassifyf.o)
    0x080043e2   0x080043e2   0x00000002   PAD
    0x080043e4   0x080043e4   0x000000f8   Code   RO          175    i.__ai_math_dot_array  NetworkRuntime720_CM4_Keil.lib(layers_conv2d_generic_float.o)
    0x080044dc   0x080044dc   0x0000005c   Code   RO         1366    i.__free$realloc    mc_w.l(mallocr.o)
    0x08004538   0x08004538   0x000001ec   Code   RO         1001    i.__hardfp_expf     m_wm.l(expf.o)
    0x08004724   0x08004724   0x00000054   Code   RO         1020    i.__hardfp_frexpf   m_wm.l(frexpf.o)
    0x08004778   0x08004778   0x0000003a   Code   RO         1065    i.__hardfp_sqrtf    m_wm.l(sqrtf.o)
    0x080047b2   0x080047b2   0x00000002   PAD
    0x080047b4   0x080047b4   0x00000050   Code   RO         1367    i.__malloc$realloc  mc_w.l(mallocr.o)
    0x08004804   0x08004804   0x00000006   Code   RO         1427    i.__mathlib_flt_infnan  m_wm.l(funder.o)
    0x0800480a   0x0800480a   0x00000002   PAD
    0x0800480c   0x0800480c   0x00000010   Code   RO         1430    i.__mathlib_flt_overflow  m_wm.l(funder.o)
    0x0800481c   0x0800481c   0x00000010   Code   RO         1432    i.__mathlib_flt_underflow  m_wm.l(funder.o)
    0x0800482c   0x0800482c   0x0000000e   Code   RO         1595    i.__scatterload_copy  mc_w.l(handlers.o)
    0x0800483a   0x0800483a   0x00000002   Code   RO         1596    i.__scatterload_null  mc_w.l(handlers.o)
    0x0800483c   0x0800483c   0x0000000e   Code   RO         1597    i.__scatterload_zeroinit  mc_w.l(handlers.o)
    0x0800484a   0x0800484a   0x00000002   PAD
    0x0800484c   0x0800484c   0x0000000c   Code   RO         1481    i.__set_errno       mc_w.l(errno.o)
    0x08004858   0x08004858   0x0000012c   Code   RO          176    i._ai_dict4_dot_array_f32  NetworkRuntime720_CM4_Keil.lib(layers_conv2d_generic_float.o)
    0x08004984   0x08004984   0x000000e8   Code   RO          177    i._ai_dict8_dot_array_f32  NetworkRuntime720_CM4_Keil.lib(layers_conv2d_generic_float.o)
    0x08004a6c   0x08004a6c   0x00000012   Code   RO          866    i._ai_forward_layer  NetworkRuntime720_CM4_Keil.lib(layers.o)
    0x08004a7e   0x08004a7e   0x00000004   Code   RO           95    i._ai_platform_acquire_crc  NetworkRuntime720_CM4_Keil.lib(ai_platform_interface.o)
    0x08004a82   0x08004a82   0x00000002   PAD
    0x08004a84   0x08004a84   0x000000d6   Code   RO           96    i._ai_platform_get_io_buffers_info  NetworkRuntime720_CM4_Keil.lib(ai_platform_interface.o)
    0x08004b5a   0x08004b5a   0x00000002   Code   RO           97    i._ai_platform_release_crc  NetworkRuntime720_CM4_Keil.lib(ai_platform_interface.o)
    0x08004b5c   0x08004b5c   0x0000018a   Code   RO         1341    i._fp_digits        mc_w.l(printfa.o)
    0x08004ce6   0x08004ce6   0x0000000e   Code   RO         1398    i._is_digit         mc_w.l(scanf_fp.o)
    0x08004cf4   0x08004cf4   0x0000004c   Code   RO           98    i._platform_ai_buffer_array_copy  NetworkRuntime720_CM4_Keil.lib(ai_platform_interface.o)
    0x08004d40   0x08004d40   0x00000050   Code   RO           99    i._platform_get_table_map_from_buffer  NetworkRuntime720_CM4_Keil.lib(ai_platform_interface.o)
    0x08004d90   0x08004d90   0x00000044   Code   RO          100    i._platform_get_table_map_from_buffer_array  NetworkRuntime720_CM4_Keil.lib(ai_platform_interface.o)
    0x08004dd4   0x08004dd4   0x00000014   Code   RO          101    i._platform_network_buffers_signature_valid  NetworkRuntime720_CM4_Keil.lib(ai_platform_interface.o)
    0x08004de8   0x08004de8   0x00000216   Code   RO          102    i._platform_network_io_bind  NetworkRuntime720_CM4_Keil.lib(ai_platform_interface.o)
    0x08004ffe   0x08004ffe   0x0000003e   Code   RO          103    i._platform_network_state_setup  NetworkRuntime720_CM4_Keil.lib(ai_platform_interface.o)
    0x0800503c   0x0800503c   0x00000068   Code   RO          104    i._platform_network_state_update_input  NetworkRuntime720_CM4_Keil.lib(ai_platform_interface.o)
    0x080050a4   0x080050a4   0x00000080   Code   RO          105    i._platform_network_state_update_output  NetworkRuntime720_CM4_Keil.lib(ai_platform_interface.o)
    0x08005124   0x08005124   0x000006e2   Code   RO         1342    i._printf_core      mc_w.l(printfa.o)
    0x08005806   0x08005806   0x00000024   Code   RO         1343    i._printf_post_padding  mc_w.l(printfa.o)
    0x0800582a   0x0800582a   0x0000002e   Code   RO         1344    i._printf_pre_padding  mc_w.l(printfa.o)
    0x08005858   0x08005858   0x00000036   Code   RO          396    i.ai_array_get_byte_size  NetworkRuntime720_CM4_Keil.lib(ai_datatypes_format.o)
    0x0800588e   0x0800588e   0x0000001e   Code   RO          397    i.ai_array_get_data_byte_size  NetworkRuntime720_CM4_Keil.lib(ai_datatypes_format.o)
    0x080058ac   0x080058ac   0x00000128   Code   RO          399    i.ai_array_to_buffer_fmt  NetworkRuntime720_CM4_Keil.lib(ai_datatypes_format.o)
    0x080059d4   0x080059d4   0x00000024   Code   RO           80    i.ai_buffer_array_item_set_address  NetworkRuntime720_CM4_Keil.lib(ai_platform.o)
    0x080059f8   0x080059f8   0x00000012   Code   RO           81    i.ai_buffer_array_sane  NetworkRuntime720_CM4_Keil.lib(ai_platform.o)
    0x08005a0a   0x08005a0a   0x00000002   PAD
    0x08005a0c   0x08005a0c   0x00000068   Code   RO           83    i.ai_buffer_get_size  NetworkRuntime720_CM4_Keil.lib(ai_platform.o)
    0x08005a74   0x08005a74   0x0000002c   Code   RO          867    i.ai_check_custom_types  NetworkRuntime720_CM4_Keil.lib(layers.o)
    0x08005aa0   0x08005aa0   0x0000004e   Code   RO          871    i.ai_layers_forward_all  NetworkRuntime720_CM4_Keil.lib(layers.o)
    0x08005aee   0x08005aee   0x0000001e   Code   RO          872    i.ai_layers_init_all  NetworkRuntime720_CM4_Keil.lib(layers.o)
    0x08005b0c   0x08005b0c   0x00000036   Code   RO          873    i.ai_layers_post_init_all  NetworkRuntime720_CM4_Keil.lib(layers.o)
    0x08005b42   0x08005b42   0x00000002   PAD
    0x08005b44   0x08005b44   0x0000002c   Code   RO          109    i.ai_platform_bind_network_params  NetworkRuntime720_CM4_Keil.lib(ai_platform_interface.o)
    0x08005b70   0x08005b70   0x0000001c   Code   RO          110    i.ai_platform_context_acquire  NetworkRuntime720_CM4_Keil.lib(ai_platform_interface.o)
    0x08005b8c   0x08005b8c   0x0000002c   Code   RO          112    i.ai_platform_get_activations_map  NetworkRuntime720_CM4_Keil.lib(ai_platform_interface.o)
    0x08005bb8   0x08005bb8   0x00000028   Code   RO          113    i.ai_platform_get_weights_map  NetworkRuntime720_CM4_Keil.lib(ai_platform_interface.o)
    0x08005be0   0x08005be0   0x0000003c   Code   RO          114    i.ai_platform_inputs_get  NetworkRuntime720_CM4_Keil.lib(ai_platform_interface.o)
    0x08005c1c   0x08005c1c   0x00000014   Code   RO          115    i.ai_platform_interface_api_get_version  NetworkRuntime720_CM4_Keil.lib(ai_platform_interface.o)
    0x08005c30   0x08005c30   0x0000010e   Code   RO          116    i.ai_platform_network_create  NetworkRuntime720_CM4_Keil.lib(ai_platform_interface.o)
    0x08005d3e   0x08005d3e   0x00000002   PAD
    0x08005d40   0x08005d40   0x0000001c   Code   RO          118    i.ai_platform_network_get_error  NetworkRuntime720_CM4_Keil.lib(ai_platform_interface.o)
    0x08005d5c   0x08005d5c   0x00000112   Code   RO          119    i.ai_platform_network_init  NetworkRuntime720_CM4_Keil.lib(ai_platform_interface.o)
    0x08005e6e   0x08005e6e   0x00000046   Code   RO          120    i.ai_platform_network_post_init  NetworkRuntime720_CM4_Keil.lib(ai_platform_interface.o)
    0x08005eb4   0x08005eb4   0x00000054   Code   RO          121    i.ai_platform_network_process  NetworkRuntime720_CM4_Keil.lib(ai_platform_interface.o)
    0x08005f08   0x08005f08   0x0000000c   Code   RO          122    i.ai_platform_network_set_error  NetworkRuntime720_CM4_Keil.lib(ai_platform_interface.o)
    0x08005f14   0x08005f14   0x00000044   Code   RO          128    i.ai_platform_outputs_get  NetworkRuntime720_CM4_Keil.lib(ai_platform_interface.o)
    0x08005f58   0x08005f58   0x0000001a   Code   RO          218    i.ai_shape_get_size  NetworkRuntime720_CM4_Keil.lib(layers_nl_generic_float.o)
    0x08005f72   0x08005f72   0x0000000c   Code   RO          420    i.ai_version_get    NetworkRuntime720_CM4_Keil.lib(ai_datatypes_internal.o)
    0x08005f7e   0x08005f7e   0x0000000c   Code   RO          882    i.core_get_error    NetworkRuntime720_CM4_Keil.lib(core_common.o)
    0x08005f8a   0x08005f8a   0x00000004   Code   RO          883    i.core_init         NetworkRuntime720_CM4_Keil.lib(core_common.o)
    0x08005f8e   0x08005f8e   0x0000001a   Code   RO          884    i.core_set_error    NetworkRuntime720_CM4_Keil.lib(core_common.o)
    0x08005fa8   0x08005fa8   0x0000020e   Code   RO          191    i.forward_dense     NetworkRuntime720_CM4_Keil.lib(layers_conv2d_generic_float.o)
    0x080061b6   0x080061b6   0x0000009a   Code   RO          243    i.forward_relu      NetworkRuntime720_CM4_Keil.lib(layers_nl_generic_float.o)
    0x08006250   0x08006250   0x0000006c   Code   RO          252    i.forward_sm        NetworkRuntime720_CM4_Keil.lib(layers_nl_generic_float.o)
    0x080062bc   0x080062bc   0x00000028   Code   RO          421    i.get_tensor_byte_size  NetworkRuntime720_CM4_Keil.lib(ai_datatypes_internal.o)
    0x080062e4   0x080062e4   0x00000050   Code   RO         1368    i.internal_alloc    mc_w.l(mallocr.o)
    0x08006334   0x08006334   0x00000044   Code   RO          285    i.nl_func_relu_array_f32  NetworkRuntime720_CM4_Keil.lib(layers_nl_generic_float.o)
    0x08006378   0x08006378   0x000000c4   Code   RO          286    i.nl_func_relu_generic_array_f32  NetworkRuntime720_CM4_Keil.lib(layers_nl_generic_float.o)
    0x0800643c   0x0800643c   0x00000048   Code   RO          287    i.nl_func_relu_thresholded_array_f32  NetworkRuntime720_CM4_Keil.lib(layers_nl_generic_float.o)
    0x08006484   0x08006484   0x00000054   Code   RO          295    i.nl_func_sm_array_f32  NetworkRuntime720_CM4_Keil.lib(layers_nl_generic_float.o)
    0x080064d8   0x080064d8   0x0000009c   Code   RO          296    i.nl_func_sm_channel_f32  NetworkRuntime720_CM4_Keil.lib(layers_nl_generic_float.o)
    0x08006574   0x08006574   0x0000006c   Data   RO          131    .constdata          NetworkRuntime720_CM4_Keil.lib(ai_platform_interface.o)
    0x080065e0   0x080065e0   0x00000030   Data   RO         1004    .constdata          m_wm.l(expf.o)
    0x08006610   0x08006610   0x00000040   Data   RO         1543    .constdata          mc_w.l(ctype_c.o)
    0x08006650   0x08006650   0x00000010   PAD
    0x08006660   0x08006660   0x000045f0   Data   RO         1580    .rodata             lto-llvm-c19bd5.o
    0x0800ac50   0x0800ac50   0x00000020   Data   RO         1582    .rodata.cst16       lto-llvm-c19bd5.o
    0x0800ac70   0x0800ac70   0x00000008   Data   RO         1583    .rodata.cst8        lto-llvm-c19bd5.o
    0x0800ac78   0x0800ac78   0x00000020   Data   RO         1594    Region$$Table       anon$$obj.o


    Execution Region RW_IRAM1 (Exec base: 0x20000000, Load base: 0x0800aca0, Size: 0x000031e0, Max: 0x00010000, ABSOLUTE, COMPRESSED[0x00000340])

    Exec Addr    Load Addr    Size         Type   Attr      Idx    E Section Name        Object

    0x20000000   COMPRESSED   0x00000004   Data   RW         1460    .data               mc_w.l(stdin.o)
    0x20000004   COMPRESSED   0x00000004   Data   RW         1461    .data               mc_w.l(stdout.o)
    0x20000008   COMPRESSED   0x00000004   Data   RW         1477    .data               mc_w.l(mvars.o)
    0x2000000c   COMPRESSED   0x00000004   Data   RW         1478    .data               mc_w.l(mvars.o)
    0x20000010   COMPRESSED   0x00000004   Data   RW         1482    .data               mc_w.l(errno.o)
    0x20000014   COMPRESSED   0x00000003   Data   RW         1524    .data               mc_w.l(fgetc_b.o)
    0x20000017   COMPRESSED   0x00000001   PAD
    0x20000018   COMPRESSED   0x00000914   Data   RW         1578    .data               lto-llvm-c19bd5.o
    0x2000092c   COMPRESSED   0x00000014   PAD
    0x20000940        -       0x00001899   Zero   RW         1579    .bss                lto-llvm-c19bd5.o
    0x200021d9   COMPRESSED   0x00000007   PAD
    0x200021e0        -       0x00000800   Zero   RW            2    HEAP                startup_stm32l432xx.o
    0x200029e0        -       0x00000800   Zero   RW            1    STACK               startup_stm32l432xx.o


==============================================================================

Image component sizes


      Code (inc. data)   RO Data    RW Data    ZI Data      Debug   Object Name

     12666        182      17944       2324       6297     119174   lto-llvm-c19bd5.o
        36          8        396          0       4096        860   startup_stm32l432xx.o

    ----------------------------------------------------------------------
     12728        190      18372       2324      10420     120034   Object Totals
         0          0         32          0          0          0   (incl. Generated)
        26          0          0          0         27          0   (incl. Padding)

    ----------------------------------------------------------------------

      Code (inc. data)   RO Data    RW Data    ZI Data      Debug   Library Member Name

       380         54          0          0          0        360   ai_datatypes_format.o
        52          6          0          0          0        232   ai_datatypes_internal.o
       158          8          0          0          0        368   ai_platform.o
      2442        110        108          0          0       3244   ai_platform_interface.o
        42          0          0          0          0        348   core_common.o
       224          6          0          0          0        624   layers.o
      1306         20          0          0          0        540   layers_conv2d_generic_float.o
       864         24          0          0          0       1076   layers_nl_generic_float.o
       492         62         48          0          0        236   expf.o
        38          0          0          0          0        116   fpclassifyf.o
        84          4          0          0          0        116   frexpf.o
        38         12          0          0          0        348   funder.o
        58          0          0          0          0        136   sqrtf.o
        32          6          0          0          0         84   __0scanf.o
        94          0          0          0          0          0   __dclz77c.o
        28          0          0          0          0         68   _chval.o
       818          4          0          0          0        112   _scanf.o
       338          0          0          0          0         96   _scanf_int.o
        28          0          0          0          0         76   calloc.o
        40          6         64          0          0         68   ctype_c.o
         0          0          0          0          0          0   entry.o
         0          0          0          0          0          0   entry10a.o
         0          0          0          0          0          0   entry11a.o
         8          4          0          0          0          0   entry2.o
         4          0          0          0          0          0   entry5.o
         0          0          0          0          0          0   entry7b.o
         0          0          0          0          0          0   entry8b.o
         8          4          0          0          0          0   entry9a.o
        12          6          0          4          0         68   errno.o
        44          6          0          3          0        144   fgetc_b.o
        30          0          0          0          0          0   handlers.o
        36          8          0          0          0         68   init.o
        10          0          0          0          0         68   isspace_c.o
         0          0          0          0          0          0   iusefp.o
         0          0          0          0          0          0   iusesemig.o
        30          0          0          0          0         68   llshl.o
        36          0          0          0          0         68   llsshr.o
        32          0          0          0          0         68   llushr.o
       252         24          0          0          0        252   mallocr.o
        26          0          0          0          0         80   memcmp.o
        36          0          0          0          0         68   memcpya.o
        36          0          0          0          0        108   memseta.o
         0          0          0          8          0          0   mvars.o
      2270         90          0          0          0        452   printfa.o
        40          8          0          0          0         84   scanf_char.o
        20          8          0          0          0         68   scanf_char_file.o
       884         12          0          0          0        216   scanf_fp.o
         0          0          0          0          0          0   semi.o
         0          0          0          4          0          0   stdin.o
         0          0          0          4          0          0   stdout.o
        44          0          0          0          0         80   uidiv.o
       104          0          0          0          0         92   uldiv.o
        48          0          0          0          0         68   cdrcmple.o
        56          0          0          0          0         88   d2f.o
       350          0          0          0          0        148   dadd.o
       222          0          0          0          0        100   ddiv.o
       186          0          0          0          0        176   depilogue.o
        48          0          0          0          0         68   dfixul.o
        26          0          0          0          0         76   dfltui.o
        24          0          0          0          0         76   dfltul.o
       234          0          0          0          0         96   dmul.o
       110          0          0          0          0        168   fepilogue.o

    ----------------------------------------------------------------------
     12848        492        236         24          0      11364   Library Totals
        26          0         16          1          0          0   (incl. Padding)

    ----------------------------------------------------------------------

      Code (inc. data)   RO Data    RW Data    ZI Data      Debug   Library Name

      5468        228        108          0          0       6792   NetworkRuntime720_CM4_Keil.lib
       710         78         48          0          0        952   m_wm.l
      5340        186         64         23          0       2556   mc_w.l
      1304          0          0          0          0       1064   mf_w.l

    ----------------------------------------------------------------------
     12848        492        236         24          0      11364   Library Totals

    ----------------------------------------------------------------------

==============================================================================


      Code (inc. data)   RO Data    RW Data    ZI Data      Debug   

     25576        682      18608       2348      10420     124306   Grand Totals
     25576        682      18608        832      10420     124306   ELF Image Totals (compressed)
     25576        682      18608        832          0          0   ROM Totals

==============================================================================

    Total RO  Size (Code + RO Data)                44184 (  43.15kB)
    Total RW  Size (RW Data + ZI Data)             12768 (  12.47kB)
    Total ROM Size (Code + RO Data + RW Data)      45016 (  43.96kB)

==============================================================================

